Archive member included because of file (symbol)

contiki-sky.a(contiki-sky-pla)
                              obj_sky/contiki-sky-main.o (init_platform)
contiki-sky.a(button-sensor.o)
                              contiki-sky.a(contiki-sky-pla) (button_sensor)
contiki-sky.a(ds2411.o)       obj_sky/contiki-sky-main.o (ds2411_init)
contiki-sky.a(xmem.o)         obj_sky/contiki-sky-main.o (xmem_init)
contiki-sky.a(node-id.o)      obj_sky/contiki-sky-main.o (node_id_restore)
contiki-sky.a(sensors.o)      contiki-sky.a(button-sensor.o) (sensors_changed)
contiki-sky.a(cc2420.o)       obj_sky/contiki-sky-main.o (cc2420_set_pan_addr)
contiki-sky.a(cc2420-arch.o)  contiki-sky.a(cc2420.o) (cc2420_arch_init)
contiki-sky.a(uart1.o)        obj_sky/contiki-sky-main.o (uart1_active)
contiki-sky.a(uart1-putchar.o)
                              obj_sky/contiki-sky-main.o (putchar)
contiki-sky.a(msp430.o)       contiki-sky.a(uart1.o) (msp430_add_lpm_req)
contiki-sky.a(clock.o)        obj_sky/contiki-sky-main.o (clock_init)
contiki-sky.a(leds.o)         obj_sky/contiki-sky-main.o (leds_init)
contiki-sky.a(leds-arch.o)    contiki-sky.a(leds.o) (leds_arch_init)
contiki-sky.a(watchdog.o)     obj_sky/contiki-sky-main.o (watchdog_start)
contiki-sky.a(rtimer-arch.o)  obj_sky/contiki-sky-main.o (rtimer_arch_now)
contiki-sky.a(autostart.o)    obj_sky/contiki-sky-main.o (autostart_start)
contiki-sky.a(energest.o)     obj_sky/contiki-sky-main.o (energest_init)
contiki-sky.a(etimer.o)       contiki-sky.a(clock.o) (etimer_request_poll)
contiki-sky.a(ctimer.o)       obj_sky/contiki-sky-main.o (ctimer_init)
contiki-sky.a(process.o)      contiki-sky.a(etimer.o) (process_current)
contiki-sky.a(rtimer.o)       obj_sky/contiki-sky-main.o (rtimer_init)
contiki-sky.a(timer.o)        obj_sky/contiki-sky-main.o (timer_set)
contiki-sky.a(serial-line.o)  obj_sky/contiki-sky-main.o (serial_line_input_byte)
contiki-sky.a(list.o)         contiki-sky.a(ctimer.o) (list_init)
contiki-sky.a(random.o)       obj_sky/contiki-sky-main.o (random_init)
contiki-sky.a(ringbuf.o)      contiki-sky.a(serial-line.o) (ringbuf_init)
contiki-sky.a(rime.o)         obj_sky/contiki-sky-main.o (rime_driver)
contiki-sky.a(broadcast-annou)
                              contiki-sky.a(rime.o) (broadcast_announcement_init)
contiki-sky.a(abc.o)          contiki-sky.a(rime.o) (abc_input)
contiki-sky.a(announcement.o)
                              contiki-sky.a(rime.o) (announcement_init)
contiki-sky.a(broadcast.o)    obj_sky/my_collect.o (broadcast_open)
contiki-sky.a(chameleon.o)    contiki-sky.a(rime.o) (chameleon_init)
contiki-sky.a(channel.o)      contiki-sky.a(chameleon.o) (channel_init)
contiki-sky.a(collect.o)      app-collect.co (collect_open)
contiki-sky.a(unicast.o)      obj_sky/my_collect.o (unicast_open)
contiki-sky.a(collect-link-es)
                              contiki-sky.a(collect.o) (collect_link_estimate_num_estimates)
contiki-sky.a(csma.o)         obj_sky/contiki-sky-main.o (csma_driver)
contiki-sky.a(queuebuf.o)     contiki-sky.a(rime.o) (queuebuf_init)
contiki-sky.a(packetbuf.o)    obj_sky/my_collect.o (packetbuf_hdrreduce)
contiki-sky.a(linkaddr.o)     obj_sky/my_collect.o (linkaddr_copy)
contiki-sky.a(contikimac.o)   obj_sky/contiki-sky-main.o (contikimac_driver)
contiki-sky.a(contikimac-fram)
                              contiki-sky.a(contikimac.o) (contikimac_framer)
contiki-sky.a(nullsec.o)      obj_sky/contiki-sky-main.o (nullsec_driver)
contiki-sky.a(spi.o)          contiki-sky.a(xmem.o) (spi_init)
contiki-sky.a(compower.o)     contiki-sky.a(contikimac.o) (compower_accumulate)
contiki-sky.a(memb.o)         contiki-sky.a(csma.o) (memb_init)
contiki-sky.a(chameleon-bitop)
                              contiki-sky.a(chameleon.o) (chameleon_bitopt)
contiki-sky.a(packetqueue.o)  contiki-sky.a(collect.o) (packetqueue_enqueue_packetbuf)
contiki-sky.a(collect-neighbo)
                              contiki-sky.a(collect.o) (collect_neighbor_init)
contiki-sky.a(mac-sequence.o)
                              contiki-sky.a(contikimac.o) (mac_sequence_is_duplicate)
contiki-sky.a(mac.o)          contiki-sky.a(csma.o) (mac_call_sent_callback)
contiki-sky.a(framer-802154.o)
                              contiki-sky.a(contikimac-fram) (framer_802154)
contiki-sky.a(frame802154.o)  contiki-sky.a(framer-802154.o) (frame802154_get_pan_id)
/usr/lib/gcc/msp430/4.6.3/mmpy-16/libgcc.a(_mulsi3.o)
                              contiki-sky.a(csma.o) (__mulsi3)
/usr/lib/gcc/msp430/4.6.3/mmpy-16/libgcc.a(_udivmod16.o)
                              app-collect.co (__umodhi3)
/usr/lib/gcc/msp430/4.6.3/mmpy-16/libgcc.a(_udivmod32.o)
                              obj_sky/contiki-sky-main.o (__udivsi3)
/usr/lib/gcc/msp430/4.6.3/../../../../msp430/lib/mmpy-16/libc.a(strncmp.o)
                              contiki-sky.a(sensors.o) (strncmp)
/usr/lib/gcc/msp430/4.6.3/../../../../msp430/lib/mmpy-16/libc.a(memcmp.o)
                              contiki-sky.a(linkaddr.o) (memcmp)
[...]
Memory Configuration

Name             Origin             Length             Attributes
sfr              0x0000000000000000 0x0000000000000010
peripheral_8bit  0x0000000000000010 0x00000000000000f0
peripheral_16bit 0x0000000000000100 0x0000000000000100
ram_mirror       0x0000000000000200 0x0000000000000800 xw
infomem          0x0000000000001000 0x0000000000000100
infob            0x0000000000001000 0x0000000000000080
infoa            0x0000000000001080 0x0000000000000080
ram              0x0000000000001100 0x0000000000002800 xw
rom              0x0000000000004000 0x000000000000bfe0 xr
vectors          0x000000000000ffe0 0x0000000000000020
bsl              0x0000000000000000 0x0000000000000000
infoc            0x0000000000000000 0x0000000000000000
infod            0x0000000000000000 0x0000000000000000
ram2             0x0000000000000000 0x0000000000000000 xw
usbram           0x0000000000000000 0x0000000000000000 xw
far_rom          0x0000000000000000 0x0000000000000000
*default*        0x0000000000000000 0xffffffffffffffff

Linker script and memory map

LOAD /usr/lib/gcc/msp430/4.6.3/mmpy-16/crt0ivtbl16.o
LOAD app-collect.co
LOAD obj_sky/my_collect.o
LOAD obj_sky/contiki-sky-main.o
LOAD contiki-sky.a
LOAD /usr/lib/gcc/msp430/4.6.3/mmpy-16/libgcc.a
LOAD /usr/lib/gcc/msp430/4.6.3/../../../../msp430/lib/mmpy-16/libc.a
LOAD /usr/lib/gcc/msp430/4.6.3/mmpy-16/libgcc.a
LOAD /usr/lib/gcc/msp430/4.6.3/mmpy-16/libcrt0.a
                0x0000000000000080                PROVIDE (__info_segment_size, 0x80)
                0x0000000000001000                PROVIDE (__infob, 0x1000)
                0x0000000000001080                PROVIDE (__infoa, 0x1080)
                0x0000000000000000                __IE1 = 0x0
                0x0000000000000002                __IFG1 = 0x2
                0x0000000000000004                __ME1 = 0x4
                0x0000000000000001                __IE2 = 0x1
                0x0000000000000003                __IFG2 = 0x3
                0x0000000000000005                __ME2 = 0x5
                0x0000000000000120                __WDTCTL = 0x120
                0x0000000000000130                __MPY = 0x130
                0x0000000000000132                __MPYS = 0x132
                0x0000000000000134                __MAC = 0x134
                0x0000000000000136                __MACS = 0x136
                0x0000000000000138                __OP2 = 0x138
                0x000000000000013a                __RESLO = 0x13a
                0x000000000000013c                __RESHI = 0x13c
                0x000000000000013e                __SUMEXT = 0x13e
                0x0000000000000020                __P1IN = 0x20
                0x0000000000000021                __P1OUT = 0x21
                0x0000000000000022                __P1DIR = 0x22
                0x0000000000000023                __P1IFG = 0x23
                0x0000000000000024                __P1IES = 0x24
                0x0000000000000025                __P1IE = 0x25
                0x0000000000000026                __P1SEL = 0x26
                0x0000000000000028                __P2IN = 0x28
                0x0000000000000029                __P2OUT = 0x29
                0x000000000000002a                __P2DIR = 0x2a
                0x000000000000002b                __P2IFG = 0x2b
                0x000000000000002c                __P2IES = 0x2c
                0x000000000000002d                __P2IE = 0x2d
                0x000000000000002e                __P2SEL = 0x2e
                0x0000000000000018                __P3IN = 0x18
                0x0000000000000019                __P3OUT = 0x19
                0x000000000000001a                __P3DIR = 0x1a
                0x000000000000001b                __P3SEL = 0x1b
                0x000000000000001c                __P4IN = 0x1c
                0x000000000000001d                __P4OUT = 0x1d
                0x000000000000001e                __P4DIR = 0x1e
                0x000000000000001f                __P4SEL = 0x1f
                0x0000000000000030                __P5IN = 0x30
                0x0000000000000031                __P5OUT = 0x31
                0x0000000000000032                __P5DIR = 0x32
                0x0000000000000033                __P5SEL = 0x33
                0x0000000000000034                __P6IN = 0x34
                0x0000000000000035                __P6OUT = 0x35
                0x0000000000000036                __P6DIR = 0x36
                0x0000000000000037                __P6SEL = 0x37
                0x0000000000000070                __U0CTL = 0x70
                0x0000000000000071                __U0TCTL = 0x71
                0x0000000000000072                __U0RCTL = 0x72
                0x0000000000000073                __U0MCTL = 0x73
                0x0000000000000074                __U0BR0 = 0x74
                0x0000000000000075                __U0BR1 = 0x75
                0x0000000000000076                __U0RXBUF = 0x76
                0x0000000000000077                __U0TXBUF = 0x77
                0x0000000000000078                __U1CTL = 0x78
                0x0000000000000079                __U1TCTL = 0x79
                0x000000000000007a                __U1RCTL = 0x7a
                0x000000000000007b                __U1MCTL = 0x7b
                0x000000000000007c                __U1BR0 = 0x7c
                0x000000000000007d                __U1BR1 = 0x7d
                0x000000000000007e                __U1RXBUF = 0x7e
                0x000000000000007f                __U1TXBUF = 0x7f
                0x0000000000000050                __I2CIE = 0x50
                0x0000000000000051                __I2CIFG = 0x51
                0x0000000000000052                __I2CNDAT = 0x52
                0x0000000000000071                __I2CTCTL = 0x71
                0x0000000000000072                __I2CDCTL = 0x72
                0x0000000000000073                __I2CPSC = 0x73
                0x0000000000000074                __I2CSCLH = 0x74
                0x0000000000000075                __I2CSCLL = 0x75
                0x0000000000000076                __I2CDRB = 0x76
                0x0000000000000076                __I2CDRW = 0x76
                0x0000000000000118                __I2COA = 0x118
                0x000000000000011a                __I2CSA = 0x11a
                0x000000000000011c                __I2CIV = 0x11c
                0x000000000000012e                __TAIV = 0x12e
                0x0000000000000160                __TACTL = 0x160
                0x0000000000000162                __TACCTL0 = 0x162
                0x0000000000000164                __TACCTL1 = 0x164
                0x0000000000000166                __TACCTL2 = 0x166
                0x0000000000000170                __TAR = 0x170
                0x0000000000000172                __TACCR0 = 0x172
                0x0000000000000174                __TACCR1 = 0x174
                0x0000000000000176                __TACCR2 = 0x176
                0x000000000000011e                __TBIV = 0x11e
                0x0000000000000180                __TBCTL = 0x180
                0x0000000000000182                __TBCCTL0 = 0x182
                0x0000000000000184                __TBCCTL1 = 0x184
                0x0000000000000186                __TBCCTL2 = 0x186
                0x0000000000000188                __TBCCTL3 = 0x188
                0x000000000000018a                __TBCCTL4 = 0x18a
                0x000000000000018c                __TBCCTL5 = 0x18c
                0x000000000000018e                __TBCCTL6 = 0x18e
                0x0000000000000190                __TBR = 0x190
                0x0000000000000192                __TBCCR0 = 0x192
                0x0000000000000194                __TBCCR1 = 0x194
                0x0000000000000196                __TBCCR2 = 0x196
                0x0000000000000198                __TBCCR3 = 0x198
                0x000000000000019a                __TBCCR4 = 0x19a
                0x000000000000019c                __TBCCR5 = 0x19c
                0x000000000000019e                __TBCCR6 = 0x19e
                0x0000000000000056                __DCOCTL = 0x56
                0x0000000000000057                __BCSCTL1 = 0x57
                0x0000000000000058                __BCSCTL2 = 0x58
                0x0000000000000055                __SVSCTL = 0x55
                0x0000000000000128                __FCTL1 = 0x128
                0x000000000000012a                __FCTL2 = 0x12a
                0x000000000000012c                __FCTL3 = 0x12c
                0x0000000000000059                __CACTL1 = 0x59
                0x000000000000005a                __CACTL2 = 0x5a
                0x000000000000005b                __CAPD = 0x5b
                0x00000000000001a0                __ADC12CTL0 = 0x1a0
                0x00000000000001a2                __ADC12CTL1 = 0x1a2
                0x00000000000001a4                __ADC12IFG = 0x1a4
                0x00000000000001a6                __ADC12IE = 0x1a6
                0x00000000000001a8                __ADC12IV = 0x1a8
                0x0000000000000140                __ADC12MEM0 = 0x140
                0x0000000000000142                __ADC12MEM1 = 0x142
                0x0000000000000144                __ADC12MEM2 = 0x144
                0x0000000000000146                __ADC12MEM3 = 0x146
                0x0000000000000148                __ADC12MEM4 = 0x148
                0x000000000000014a                __ADC12MEM5 = 0x14a
                0x000000000000014c                __ADC12MEM6 = 0x14c
                0x000000000000014e                __ADC12MEM7 = 0x14e
                0x0000000000000150                __ADC12MEM8 = 0x150
                0x0000000000000152                __ADC12MEM9 = 0x152
                0x0000000000000154                __ADC12MEM10 = 0x154
                0x0000000000000156                __ADC12MEM11 = 0x156
                0x0000000000000158                __ADC12MEM12 = 0x158
                0x000000000000015a                __ADC12MEM13 = 0x15a
                0x000000000000015c                __ADC12MEM14 = 0x15c
                0x000000000000015e                __ADC12MEM15 = 0x15e
                0x0000000000000080                __ADC12MCTL0 = 0x80
                0x0000000000000081                __ADC12MCTL1 = 0x81
                0x0000000000000082                __ADC12MCTL2 = 0x82
                0x0000000000000083                __ADC12MCTL3 = 0x83
                0x0000000000000084                __ADC12MCTL4 = 0x84
                0x0000000000000085                __ADC12MCTL5 = 0x85
                0x0000000000000086                __ADC12MCTL6 = 0x86
                0x0000000000000087                __ADC12MCTL7 = 0x87
                0x0000000000000088                __ADC12MCTL8 = 0x88
                0x0000000000000089                __ADC12MCTL9 = 0x89
                0x000000000000008a                __ADC12MCTL10 = 0x8a
                0x000000000000008b                __ADC12MCTL11 = 0x8b
                0x000000000000008c                __ADC12MCTL12 = 0x8c
                0x000000000000008d                __ADC12MCTL13 = 0x8d
                0x000000000000008e                __ADC12MCTL14 = 0x8e
                0x000000000000008f                __ADC12MCTL15 = 0x8f
                0x00000000000001c0                __DAC12_0CTL = 0x1c0
                0x00000000000001c2                __DAC12_1CTL = 0x1c2
                0x00000000000001c8                __DAC12_0DAT = 0x1c8
                0x00000000000001ca                __DAC12_1DAT = 0x1ca
                0x0000000000000122                __DMACTL0 = 0x122
                0x0000000000000124                __DMACTL1 = 0x124
                0x00000000000001e0                __DMA0CTL = 0x1e0
                0x00000000000001e8                __DMA1CTL = 0x1e8
                0x00000000000001f0                __DMA2CTL = 0x1f0
                0x00000000000001e2                __DMA0SA = 0x1e2
                0x00000000000001e4                __DMA0DA = 0x1e4
                0x00000000000001e6                __DMA0SZ = 0x1e6
                0x00000000000001ea                __DMA1SA = 0x1ea
                0x00000000000001ec                __DMA1DA = 0x1ec
                0x00000000000001ee                __DMA1SZ = 0x1ee
                0x00000000000001f2                __DMA2SA = 0x1f2
                0x00000000000001f4                __DMA2DA = 0x1f4
                0x00000000000001f6                __DMA2SZ = 0x1f6

.hash
 *(.hash)

.dynsym
 *(.dynsym)

.dynstr
 *(.dynstr)

.gnu.version
 *(.gnu.version)

.gnu.version_d
 *(.gnu.version_d)

.gnu.version_r
 *(.gnu.version_r)

.rel.init
 *(.rel.init)

.rela.init
 *(.rela.init)

.rel.fini
 *(.rel.fini)

.rela.fini
 *(.rela.fini)

.rel.text
 *(.rel.text .rel.text.* .rel.gnu.linkonce.t.*)

.rela.text
 *(.rela.text .rela.text.* .rela.gnu.linkonce.t.*)

.rel.rodata
 *(.rel.rodata .rel.rodata.* .rel.gnu.linkonce.r.*)

.rela.rodata
 *(.rela.rodata .rela.rodata.* .rela.gnu.linkonce.r.*)

.rel.data
 *(.rel.data .rel.data.* .rel.gnu.linkonce.d.*)

.rela.data
 *(.rela.data .rela.data.* .rela.gnu.linkonce.d.*)

.rel.bss
 *(.rel.bss .rel.bss.* .rel.gnu.linkonce.b.*)

.rela.bss
 *(.rela.bss .rela.bss.* .rela.gnu.linkonce.b.*)

.rel.ctors
 *(.rel.ctors)

.rela.ctors
 *(.rela.ctors)

.rel.dtors
 *(.rel.dtors)

.rela.dtors
 *(.rela.dtors)

.rel.got
 *(.rel.got)

.rela.got
 *(.rela.got)

.rel.plt
 *(.rel.plt)

.rela.plt
 *(.rela.plt)

.text           0x0000000000004000     0x63d8
                0x0000000000004000                . = ALIGN (0x2)
 *(.init .init.*)
 *(.init0)
 .init0         0x0000000000004000        0x0 /usr/lib/gcc/msp430/4.6.3/mmpy-16/libcrt0.a(_reset_vector__.o)
                0x0000000000004000                _reset_vector__
 *(.init1)
 .init1         0x0000000000004000        0xc /usr/lib/gcc/msp430/4.6.3/mmpy-16/libcrt0.a(__watchdog_support.o)
                0x0000000000004000                __watchdog_support
 *(.init2)
 .init2         0x000000000000400c        0x4 /usr/lib/gcc/msp430/4.6.3/mmpy-16/libcrt0.a(__init_stack.o)
                0x000000000000400c                __init_stack
 *(.init3)
 .init3         0x0000000000004010        0x0 /usr/lib/gcc/msp430/4.6.3/mmpy-16/libcrt0.a(__low_level_init.o)
                0x0000000000004010                __low_level_init
 *(.init4)
 .init4         0x0000000000004010       0x18 /usr/lib/gcc/msp430/4.6.3/mmpy-16/libcrt0.a(_copy_data.o)
                0x0000000000004010                __do_copy_data
 .init4         0x0000000000004028       0x16 /usr/lib/gcc/msp430/4.6.3/mmpy-16/libcrt0.a(_clear_bss.o)
                0x0000000000004028                __do_clear_bss
 *(.init5)
 *(.init6)
 *(.init7)
 *(.init8)
 *(.init9)
 .init9         0x000000000000403e      0x2da obj_sky/contiki-sky-main.o
                0x000000000000403e                main
 *(.fini9)
 .fini9         0x0000000000004318        0x0 /usr/lib/gcc/msp430/4.6.3/mmpy-16/libcrt0.a(__stop_progExec__.o)
                0x0000000000004318                __stop_progExec__
 *(.fini8)
 *(.fini7)
 *(.fini6)
 *(.fini5)
 *(.fini4)
 *(.fini3)
 *(.fini2)
 *(.fini1)
 *(.fini0)
 .fini0         0x0000000000004318        0x6 /usr/lib/gcc/msp430/4.6.3/mmpy-16/libcrt0.a(_endless_loop__.o)
                0x0000000000004318                _endless_loop__
 *(.fini .fini.*)
                0x000000000000431e                . = ALIGN (0x2)
                0x000000000000431e                __ctors_start = .
 *(.ctors)
                0x000000000000431e                __ctors_end = .
                0x000000000000431e                __dtors_start = .
 *(.dtors)
                0x000000000000431e                __dtors_end = .
                0x000000000000431e                . = ALIGN (0x2)
 *(.text .text.* .gnu.linkonce.t.*)
 .text          0x000000000000431e        0x4 /usr/lib/gcc/msp430/4.6.3/mmpy-16/crt0ivtbl16.o
                0x000000000000431e                __isr_14
                0x000000000000431e                __isr_11
                0x000000000000431e                __isr_2
                0x000000000000431e                __isr_7
                0x000000000000431e                __isr_0
                0x000000000000431e                __isr_8
                0x000000000000431e                __isr_3
                0x000000000000431e                __isr_12
                0x000000000000431e                __isr_13
                0x000000000000431e                __isr_9
 .text.process_thread_app_process
                0x0000000000004322      0x138 app-collect.co
 .text.recv_cb  0x000000000000445a       0x58 app-collect.co
 .text.init_platform
                0x00000000000044b2        0xc contiki-sky.a(contiki-sky-pla)
                0x00000000000044b2                init_platform
 .text.status   0x00000000000044be       0x16 contiki-sky.a(button-sensor.o)
 .text.configure
                0x00000000000044d4       0x52 contiki-sky.a(button-sensor.o)
 .text.value    0x0000000000004526       0x22 contiki-sky.a(button-sensor.o)
 .text.irq_p2   0x0000000000004548       0x8a contiki-sky.a(button-sensor.o)
                0x0000000000004548                irq_p2
                0x0000000000004548                __isr_1
 .text.owreadb  0x00000000000045d2       0x52 contiki-sky.a(ds2411.o)
 .text.ds2411_init
                0x0000000000004624      0x122 contiki-sky.a(ds2411.o)
                0x0000000000004624                ds2411_init
 .text.wait_ready
                0x0000000000004746       0x50 contiki-sky.a(xmem.o)
 .text.xmem_init
                0x0000000000004796       0x3e contiki-sky.a(xmem.o)
                0x0000000000004796                xmem_init
 .text.xmem_pread
                0x00000000000047d4       0xea contiki-sky.a(xmem.o)
                0x00000000000047d4                xmem_pread
 .text.node_id_restore
                0x00000000000048be       0x38 contiki-sky.a(node-id.o)
                0x00000000000048be                node_id_restore
 .text.process_thread_sensors_process
                0x00000000000048f6       0xbe contiki-sky.a(sensors.o)
 .text.sensors_changed
                0x00000000000049b4       0x2a contiki-sky.a(sensors.o)
                0x00000000000049b4                sensors_changed
 .text.get_object
                0x00000000000049de        0x4 contiki-sky.a(cc2420.o)
 .text.set_object
                0x00000000000049e2        0x4 contiki-sky.a(cc2420.o)
 .text.strobe   0x00000000000049e6       0x20 contiki-sky.a(cc2420.o)
 .text.getreg   0x0000000000004a06       0x54 contiki-sky.a(cc2420.o)
 .text.setreg   0x0000000000004a5a       0x52 contiki-sky.a(cc2420.o)
 .text.write_ram
                0x0000000000004aac       0x80 contiki-sky.a(cc2420.o)
 .text.write_fifo_buf
                0x0000000000004b2c       0x40 contiki-sky.a(cc2420.o)
 .text.get_status
                0x0000000000004b6c       0x24 contiki-sky.a(cc2420.o)
 .text.set_txpower
                0x0000000000004b90       0x26 contiki-sky.a(cc2420.o)
 .text.cc2420_receiving_packet
                0x0000000000004bb6        0xe contiki-sky.a(cc2420.o)
 .text.pending_packet
                0x0000000000004bc4        0x8 contiki-sky.a(cc2420.o)
 .text.on       0x0000000000004bcc       0x26 contiki-sky.a(cc2420.o)
 .text.wait_for_transmission
                0x0000000000004bf2       0x22 contiki-sky.a(cc2420.o)
 .text.wait_for_status
                0x0000000000004c14       0x2a contiki-sky.a(cc2420.o)
 .text.getrxdata
                0x0000000000004c3e       0x56 contiki-sky.a(cc2420.o)
 .text.flushrx  0x0000000000004c94       0x1a contiki-sky.a(cc2420.o)
 .text.off      0x0000000000004cae       0x62 contiki-sky.a(cc2420.o)
 .text.RELEASE_LOCK
                0x0000000000004d10       0x28 contiki-sky.a(cc2420.o)
 .text.set_key  0x0000000000004d38       0x18 contiki-sky.a(cc2420.o)
 .text.set_frame_filtering
                0x0000000000004d50       0x30 contiki-sky.a(cc2420.o)
 .text.set_auto_ack
                0x0000000000004d80       0x30 contiki-sky.a(cc2420.o)
 .text.set_poll_mode
                0x0000000000004db0       0x36 contiki-sky.a(cc2420.o)
 .text.cc2420_prepare
                0x0000000000004de6       0x3c contiki-sky.a(cc2420.o)
 .text.cc2420_on
                0x0000000000004e22       0x22 contiki-sky.a(cc2420.o)
                0x0000000000004e22                cc2420_on
 .text.cc2420_off
                0x0000000000004e44       0x30 contiki-sky.a(cc2420.o)
                0x0000000000004e44                cc2420_off
 .text.cc2420_cca
                0x0000000000004e74       0x5e contiki-sky.a(cc2420.o)
 .text.cc2420_read
                0x0000000000004ed2       0xc0 contiki-sky.a(cc2420.o)
 .text.process_thread_cc2420_process
                0x0000000000004f92       0x58 contiki-sky.a(cc2420.o)
 .text.encrypt  0x0000000000004fea       0x8e contiki-sky.a(cc2420.o)
 .text.cc2420_set_channel
                0x0000000000005078       0x3c contiki-sky.a(cc2420.o)
                0x0000000000005078                cc2420_set_channel
 .text.cc2420_set_pan_addr
                0x00000000000050b4       0x4c contiki-sky.a(cc2420.o)
                0x00000000000050b4                cc2420_set_pan_addr
 .text.cc2420_interrupt
                0x0000000000005100       0x18 contiki-sky.a(cc2420.o)
                0x0000000000005100                cc2420_interrupt
 .text.cc2420_set_txpower
                0x0000000000005118        0xe contiki-sky.a(cc2420.o)
                0x0000000000005118                cc2420_set_txpower
 .text.cc2420_get_txpower
                0x0000000000005126       0x1e contiki-sky.a(cc2420.o)
                0x0000000000005126                cc2420_get_txpower
 .text.cc2420_transmit
                0x0000000000005144      0x134 contiki-sky.a(cc2420.o)
 .text.cc2420_send
                0x0000000000005278       0x12 contiki-sky.a(cc2420.o)
 .text.cc2420_rssi
                0x000000000000528a       0x4c contiki-sky.a(cc2420.o)
                0x000000000000528a                cc2420_rssi
 .text.get_value
                0x00000000000052d6      0x108 contiki-sky.a(cc2420.o)
 .text.cc2420_set_cca_threshold
                0x00000000000053de       0x16 contiki-sky.a(cc2420.o)
                0x00000000000053de                cc2420_set_cca_threshold
 .text.set_value
                0x00000000000053f4       0xba contiki-sky.a(cc2420.o)
 .text.cc2420_init
                0x00000000000054ae       0xf0 contiki-sky.a(cc2420.o)
                0x00000000000054ae                cc2420_init
 .text.cc2420_port1_interrupt
                0x000000000000559e       0x62 contiki-sky.a(cc2420-arch.o)
                0x000000000000559e                __isr_4
                0x000000000000559e                cc2420_port1_interrupt
 .text.cc2420_arch_init
                0x0000000000005600       0x1a contiki-sky.a(cc2420-arch.o)
                0x0000000000005600                cc2420_arch_init
 .text.handle_rxdma_timer
                0x000000000000561a       0x3a contiki-sky.a(uart1.o)
 .text.uart1_active
                0x0000000000005654       0x1a contiki-sky.a(uart1.o)
                0x0000000000005654                uart1_active
 .text.uart1_set_input
                0x000000000000566e       0x20 contiki-sky.a(uart1.o)
                0x000000000000566e                uart1_set_input
 .text.uart1_writeb
                0x000000000000568e       0x1a contiki-sky.a(uart1.o)
                0x000000000000568e                uart1_writeb
 .text.uart1_init
                0x00000000000056a8       0xf6 contiki-sky.a(uart1.o)
                0x00000000000056a8                uart1_init
 .text.putchar  0x000000000000579e       0x10 contiki-sky.a(uart1-putchar.o)
                0x000000000000579e                putchar
 .text.msp430_init_dco
                0x00000000000057ae       0x84 contiki-sky.a(msp430.o)
                0x00000000000057ae                msp430_init_dco
 .text.msp430_add_lpm_req
                0x0000000000005832        0xc contiki-sky.a(msp430.o)
                0x0000000000005832                msp430_add_lpm_req
 .text.msp430_cpu_init
                0x000000000000583e       0x2a contiki-sky.a(msp430.o)
                0x000000000000583e                msp430_cpu_init
 .text.splhigh_
                0x0000000000005868        0x8 contiki-sky.a(msp430.o)
                0x0000000000005868                splhigh_
 .text.msp430_sync_dco
                0x0000000000005870       0x68 contiki-sky.a(msp430.o)
                0x0000000000005870                msp430_sync_dco
 .text.timera1  0x00000000000058d8      0x11e contiki-sky.a(clock.o)
                0x00000000000058d8                __isr_5
                0x00000000000058d8                timera1
 .text.clock_time
                0x00000000000059f6       0x1a contiki-sky.a(clock.o)
                0x00000000000059f6                clock_time
 .text.clock_init
                0x0000000000005a10       0x28 contiki-sky.a(clock.o)
                0x0000000000005a10                clock_init
 .text.clock_delay
                0x0000000000005a38        0xc contiki-sky.a(clock.o)
                0x0000000000005a38                clock_delay
 .text.show_leds
                0x0000000000005a44       0xf6 contiki-sky.a(leds.o)
 .text.leds_init
                0x0000000000005b3a        0xa contiki-sky.a(leds.o)
                0x0000000000005b3a                leds_init
 .text.leds_on  0x0000000000005b44        0xa contiki-sky.a(leds.o)
                0x0000000000005b44                leds_on
 .text.leds_off
                0x0000000000005b4e        0xe contiki-sky.a(leds.o)
                0x0000000000005b4e                leds_off
 .text.leds_arch_init
                0x0000000000005b5c        0xe contiki-sky.a(leds-arch.o)
                0x0000000000005b5c                leds_arch_init
 .text.leds_arch_set
                0x0000000000005b6a       0x3a contiki-sky.a(leds-arch.o)
                0x0000000000005b6a                leds_arch_set
 .text.watchdog_interrupt
                0x0000000000005ba4        0x6 contiki-sky.a(watchdog.o)
                0x0000000000005ba4                __isr_10
                0x0000000000005ba4                watchdog_interrupt
 .text.watchdog_start
                0x0000000000005baa       0x14 contiki-sky.a(watchdog.o)
                0x0000000000005baa                watchdog_start
 .text.watchdog_periodic
                0x0000000000005bbe       0x12 contiki-sky.a(watchdog.o)
                0x0000000000005bbe                watchdog_periodic
 .text.watchdog_stop
                0x0000000000005bd0       0x16 contiki-sky.a(watchdog.o)
                0x0000000000005bd0                watchdog_stop
 .text.watchdog_init
                0x0000000000005be6       0x14 contiki-sky.a(watchdog.o)
                0x0000000000005be6                watchdog_init
 .text.rtimer_arch_init
                0x0000000000005bfa        0xe contiki-sky.a(rtimer-arch.o)
                0x0000000000005bfa                rtimer_arch_init
 .text.rtimer_arch_now
                0x0000000000005c08        0xe contiki-sky.a(rtimer-arch.o)
                0x0000000000005c08                rtimer_arch_now
 .text.timera0  0x0000000000005c16       0x70 contiki-sky.a(rtimer-arch.o)
                0x0000000000005c16                __isr_6
                0x0000000000005c16                timera0
 .text.rtimer_arch_schedule
                0x0000000000005c86        0x6 contiki-sky.a(rtimer-arch.o)
                0x0000000000005c86                rtimer_arch_schedule
 .text.autostart_start
                0x0000000000005c8c       0x16 contiki-sky.a(autostart.o)
                0x0000000000005c8c                autostart_start
 .text.energest_init
                0x0000000000005ca2       0x28 contiki-sky.a(energest.o)
                0x0000000000005ca2                energest_init
 .text.energest_type_time
                0x0000000000005cca       0x46 contiki-sky.a(energest.o)
                0x0000000000005cca                energest_type_time
 .text.energest_type_set
                0x0000000000005d10        0xe contiki-sky.a(energest.o)
                0x0000000000005d10                energest_type_set
 .text.energest_flush
                0x0000000000005d1e       0x48 contiki-sky.a(energest.o)
                0x0000000000005d1e                energest_flush
 .text.update_time
                0x0000000000005d66       0x78 contiki-sky.a(etimer.o)
 .text.etimer_request_poll
                0x0000000000005dde        0xa contiki-sky.a(etimer.o)
                0x0000000000005dde                etimer_request_poll
 .text.process_thread_etimer_process
                0x0000000000005de8       0xc8 contiki-sky.a(etimer.o)
 .text.add_timer
                0x0000000000005eb0       0x40 contiki-sky.a(etimer.o)
 .text.etimer_set
                0x0000000000005ef0       0x12 contiki-sky.a(etimer.o)
                0x0000000000005ef0                etimer_set
 .text.etimer_reset
                0x0000000000005f02       0x12 contiki-sky.a(etimer.o)
                0x0000000000005f02                etimer_reset
 .text.etimer_expired
                0x0000000000005f14        0xe contiki-sky.a(etimer.o)
                0x0000000000005f14                etimer_expired
 .text.etimer_pending
                0x0000000000005f22        0xc contiki-sky.a(etimer.o)
                0x0000000000005f22                etimer_pending
 .text.etimer_next_expiration_time
                0x0000000000005f2e       0x16 contiki-sky.a(etimer.o)
                0x0000000000005f2e                etimer_next_expiration_time
 .text.etimer_stop
                0x0000000000005f44       0x3c contiki-sky.a(etimer.o)
                0x0000000000005f44                etimer_stop
 .text.process_thread_ctimer_process
                0x0000000000005f80       0xa4 contiki-sky.a(ctimer.o)
 .text.ctimer_init
                0x0000000000006024       0x18 contiki-sky.a(ctimer.o)
                0x0000000000006024                ctimer_init
 .text.ctimer_set_with_process
                0x000000000000603c       0x4e contiki-sky.a(ctimer.o)
                0x000000000000603c                ctimer_set_with_process
 .text.ctimer_set
                0x000000000000608a       0x10 contiki-sky.a(ctimer.o)
                0x000000000000608a                ctimer_set
 .text.ctimer_reset
                0x000000000000609a       0x30 contiki-sky.a(ctimer.o)
                0x000000000000609a                ctimer_reset
 .text.ctimer_stop
                0x00000000000060ca       0x28 contiki-sky.a(ctimer.o)
                0x00000000000060ca                ctimer_stop
 .text.call_process
                0x00000000000060f2       0x4a contiki-sky.a(process.o)
 .text.exit_process
                0x000000000000613c       0x96 contiki-sky.a(process.o)
 .text.do_poll  0x00000000000061d2       0x30 contiki-sky.a(process.o)
 .text.process_alloc_event
                0x0000000000006202        0xe contiki-sky.a(process.o)
                0x0000000000006202                process_alloc_event
 .text.process_init
                0x0000000000006210       0x1c contiki-sky.a(process.o)
                0x0000000000006210                process_init
 .text.process_run
                0x000000000000622c       0x92 contiki-sky.a(process.o)
                0x000000000000622c                process_run
 .text.process_nevents
                0x00000000000062be        0xe contiki-sky.a(process.o)
                0x00000000000062be                process_nevents
 .text.process_post
                0x00000000000062cc       0x4e contiki-sky.a(process.o)
                0x00000000000062cc                process_post
 .text.process_post_synch
                0x000000000000631a       0x12 contiki-sky.a(process.o)
                0x000000000000631a                process_post_synch
 .text.process_start
                0x000000000000632c       0x32 contiki-sky.a(process.o)
                0x000000000000632c                process_start
 .text.process_poll
                0x000000000000635e       0x18 contiki-sky.a(process.o)
                0x000000000000635e                process_poll
 .text.rtimer_init
                0x0000000000006376        0x6 contiki-sky.a(rtimer.o)
                0x0000000000006376                rtimer_init
 .text.rtimer_set
                0x000000000000637c       0x24 contiki-sky.a(rtimer.o)
                0x000000000000637c                rtimer_set
 .text.rtimer_run_next
                0x00000000000063a0       0x26 contiki-sky.a(rtimer.o)
                0x00000000000063a0                rtimer_run_next
 .text.timer_set
                0x00000000000063c6       0x1c contiki-sky.a(timer.o)
                0x00000000000063c6                timer_set
 .text.timer_reset
                0x00000000000063e2        0xe contiki-sky.a(timer.o)
                0x00000000000063e2                timer_reset
 .text.timer_expired
                0x00000000000063f0       0x2a contiki-sky.a(timer.o)
                0x00000000000063f0                timer_expired
 .text.process_thread_serial_line_process
                0x000000000000641a       0x9c contiki-sky.a(serial-line.o)
 .text.serial_line_input_byte
                0x00000000000064b6       0x4a contiki-sky.a(serial-line.o)
                0x00000000000064b6                serial_line_input_byte
 .text.serial_line_init
                0x0000000000006500       0x1c contiki-sky.a(serial-line.o)
                0x0000000000006500                serial_line_init
 .text.list_init
                0x000000000000651c        0x6 contiki-sky.a(list.o)
                0x000000000000651c                list_init
 .text.list_head
                0x0000000000006522        0x4 contiki-sky.a(list.o)
                0x0000000000006522                list_head
 .text.list_tail
                0x0000000000006526       0x12 contiki-sky.a(list.o)
                0x0000000000006526                list_tail
 .text.list_remove
                0x0000000000006538       0x34 contiki-sky.a(list.o)
                0x0000000000006538                list_remove
 .text.list_push
                0x000000000000656c       0x1a contiki-sky.a(list.o)
                0x000000000000656c                list_push
 .text.list_add
                0x0000000000006586       0x2a contiki-sky.a(list.o)
                0x0000000000006586                list_add
 .text.list_length
                0x00000000000065b0       0x10 contiki-sky.a(list.o)
                0x00000000000065b0                list_length
 .text.list_item_next
                0x00000000000065c0        0xc contiki-sky.a(list.o)
                0x00000000000065c0                list_item_next
 .text.random_init
                0x00000000000065cc        0x6 contiki-sky.a(random.o)
                0x00000000000065cc                random_init
 .text.random_rand
                0x00000000000065d2        0x6 contiki-sky.a(random.o)
                0x00000000000065d2                random_rand
 .text.ringbuf_init
                0x00000000000065d8       0x14 contiki-sky.a(ringbuf.o)
                0x00000000000065d8                ringbuf_init
 .text.ringbuf_put
                0x00000000000065ec       0x38 contiki-sky.a(ringbuf.o)
                0x00000000000065ec                ringbuf_put
 .text.ringbuf_get
                0x0000000000006624       0x34 contiki-sky.a(ringbuf.o)
                0x0000000000006624                ringbuf_get
 .text.input    0x0000000000006658       0x3a contiki-sky.a(rime.o)
 .text.init     0x0000000000006692       0x2e contiki-sky.a(rime.o)
 .text.packet_sent
                0x00000000000066c0       0x44 contiki-sky.a(rime.o)
 .text.rime_output
                0x0000000000006704       0x24 contiki-sky.a(rime.o)
                0x0000000000006704                rime_output
 .text.adv_packet_sent
                0x0000000000006728        0x2 contiki-sky.a(broadcast-annou)
 .text.adv_packet_received
                0x000000000000672a       0x66 contiki-sky.a(broadcast-annou)
 .text.set_timers
                0x0000000000006790       0x4a contiki-sky.a(broadcast-annou)
 .text.send_timer
                0x00000000000067da       0x36 contiki-sky.a(broadcast-annou)
 .text.new_announcement
                0x0000000000006810       0x18 contiki-sky.a(broadcast-annou)
 .text.send_adv
                0x0000000000006828       0x66 contiki-sky.a(broadcast-annou)
 .text.broadcast_announcement_init
                0x000000000000688e       0x48 contiki-sky.a(broadcast-annou)
                0x000000000000688e                broadcast_announcement_init
 .text.abc_open
                0x00000000000068d6       0x26 contiki-sky.a(abc.o)
                0x00000000000068d6                abc_open
 .text.abc_send
                0x00000000000068fc        0x6 contiki-sky.a(abc.o)
                0x00000000000068fc                abc_send
 .text.abc_input
                0x0000000000006902        0xe contiki-sky.a(abc.o)
                0x0000000000006902                abc_input
 .text.abc_sent
                0x0000000000006910       0x10 contiki-sky.a(abc.o)
                0x0000000000006910                abc_sent
 .text.announcement_init
                0x0000000000006920        0xa contiki-sky.a(announcement.o)
                0x0000000000006920                announcement_init
 .text.announcement_register
                0x000000000000692a       0x3e contiki-sky.a(announcement.o)
                0x000000000000692a                announcement_register
 .text.announcement_set_value
                0x0000000000006968       0x28 contiki-sky.a(announcement.o)
                0x0000000000006968                announcement_set_value
 .text.announcement_bump
                0x0000000000006990       0x22 contiki-sky.a(announcement.o)
                0x0000000000006990                announcement_bump
 .text.announcement_register_observer_callback
                0x00000000000069b2        0x6 contiki-sky.a(announcement.o)
                0x00000000000069b2                announcement_register_observer_callback
 .text.announcement_list
                0x00000000000069b8        0xa contiki-sky.a(announcement.o)
                0x00000000000069b8                announcement_list
 .text.announcement_heard
                0x00000000000069c2       0x42 contiki-sky.a(announcement.o)
                0x00000000000069c2                announcement_heard
 .text.sent_by_abc
                0x0000000000006a04       0x10 contiki-sky.a(broadcast.o)
 .text.recv_from_abc
                0x0000000000006a14       0x26 contiki-sky.a(broadcast.o)
 .text.broadcast_open
                0x0000000000006a3a       0x2a contiki-sky.a(broadcast.o)
                0x0000000000006a3a                broadcast_open
 .text.broadcast_send
                0x0000000000006a64       0x1a contiki-sky.a(broadcast.o)
                0x0000000000006a64                broadcast_send
 .text.chameleon_init
                0x0000000000006a7e        0x6 contiki-sky.a(chameleon.o)
                0x0000000000006a7e                chameleon_init
 .text.chameleon_parse
                0x0000000000006a84       0x10 contiki-sky.a(chameleon.o)
                0x0000000000006a84                chameleon_parse
 .text.chameleon_create
                0x0000000000006a94       0x1c contiki-sky.a(chameleon.o)
                0x0000000000006a94                chameleon_create
 .text.chameleon_hdrsize
                0x0000000000006ab0        0x6 contiki-sky.a(chameleon.o)
                0x0000000000006ab0                chameleon_hdrsize
 .text.channel_init
                0x0000000000006ab6        0xa contiki-sky.a(channel.o)
                0x0000000000006ab6                channel_init
 .text.channel_open
                0x0000000000006ac0       0x10 contiki-sky.a(channel.o)
                0x0000000000006ac0                channel_open
 .text.channel_lookup
                0x0000000000006ad0       0x20 contiki-sky.a(channel.o)
                0x0000000000006ad0                channel_lookup
 .text.channel_set_attributes
                0x0000000000006af0       0x24 contiki-sky.a(channel.o)
                0x0000000000006af0                channel_set_attributes
 .text.send_packet
                0x0000000000006b14       0x3a contiki-sky.a(collect.o)
 .text.enqueue_dummy_packet
                0x0000000000006b4e       0x88 contiki-sky.a(collect.o)
 .text.send_ack
                0x0000000000006bd6       0x78 contiki-sky.a(collect.o)
 .text.send_queued_packet
                0x0000000000006c4e       0xc8 contiki-sky.a(collect.o)
 .text.send_next_packet
                0x0000000000006d16       0x2c contiki-sky.a(collect.o)
 .text.update_rtmetric
                0x0000000000006d42       0xf8 contiki-sky.a(collect.o)
 .text.received_announcement
                0x0000000000006e3a       0x9c contiki-sky.a(collect.o)
 .text.set_keepalive_timer
                0x0000000000006ed6       0x5e contiki-sky.a(collect.o)
 .text.timedout
                0x0000000000006f34       0x38 contiki-sky.a(collect.o)
 .text.retransmit_callback
                0x0000000000006f6c       0xcc contiki-sky.a(collect.o)
 .text.retransmit_not_sent_callback
                0x0000000000007038        0xc contiki-sky.a(collect.o)
 .text.node_packet_sent
                0x0000000000007044       0x58 contiki-sky.a(collect.o)
 .text.send_keepalive
                0x000000000000709c       0x32 contiki-sky.a(collect.o)
 .text.add_packet_to_recent_packets.part.6
                0x00000000000070ce       0x4c contiki-sky.a(collect.o)
 .text.node_packet_received
                0x000000000000711a      0x2f8 contiki-sky.a(collect.o)
 .text.proactive_probing_callback
                0x0000000000007412       0xe8 contiki-sky.a(collect.o)
 .text.collect_open
                0x00000000000074fa       0xec contiki-sky.a(collect.o)
                0x00000000000074fa                collect_open
 .text.collect_set_sink
                0x00000000000075e6       0x68 contiki-sky.a(collect.o)
                0x00000000000075e6                collect_set_sink
 .text.collect_send
                0x000000000000764e       0xe8 contiki-sky.a(collect.o)
                0x000000000000764e                collect_send
 .text.sent_by_broadcast
                0x0000000000007736       0x10 contiki-sky.a(unicast.o)
 .text.recv_from_broadcast
                0x0000000000007746       0x2e contiki-sky.a(unicast.o)
 .text.unicast_open
                0x0000000000007774       0x2a contiki-sky.a(unicast.o)
                0x0000000000007774                unicast_open
 .text.unicast_send
                0x000000000000779e       0x16 contiki-sky.a(unicast.o)
                0x000000000000779e                unicast_send
 .text.collect_link_estimate_new
                0x00000000000077b4       0x12 contiki-sky.a(collect-link-es)
                0x00000000000077b4                collect_link_estimate_new
 .text.collect_link_estimate_update_tx
                0x00000000000077c6       0x9e contiki-sky.a(collect-link-es)
                0x00000000000077c6                collect_link_estimate_update_tx
 .text.collect_link_estimate_update_tx_fail
                0x0000000000007864        0xc contiki-sky.a(collect-link-es)
                0x0000000000007864                collect_link_estimate_update_tx_fail
 .text.collect_link_estimate
                0x0000000000007870       0x18 contiki-sky.a(collect-link-es)
                0x0000000000007870                collect_link_estimate
 .text.collect_link_estimate_num_estimates
                0x0000000000007888        0xe contiki-sky.a(collect-link-es)
                0x0000000000007888                collect_link_estimate_num_estimates
 .text.input_packet
                0x0000000000007896        0x6 contiki-sky.a(csma.o)
 .text.on       0x000000000000789c        0x6 contiki-sky.a(csma.o)
 .text.off      0x00000000000078a2        0x6 contiki-sky.a(csma.o)
 .text.channel_check_interval
                0x00000000000078a8       0x10 contiki-sky.a(csma.o)
 .text.transmit_packet_list
                0x00000000000078b8       0x24 contiki-sky.a(csma.o)
 .text.schedule_transmission
                0x00000000000078dc       0x94 contiki-sky.a(csma.o)
 .text.send_packet
                0x0000000000007970      0x170 contiki-sky.a(csma.o)
 .text.init     0x0000000000007ae0       0x1a contiki-sky.a(csma.o)
 .text.tx_done  0x0000000000007afa       0x98 contiki-sky.a(csma.o)
 .text.packet_sent
                0x0000000000007b92       0xd2 contiki-sky.a(csma.o)
 .text.queuebuf_init
                0x0000000000007c64       0x12 contiki-sky.a(queuebuf.o)
                0x0000000000007c64                queuebuf_init
 .text.queuebuf_new_from_packetbuf
                0x0000000000007c76       0x52 contiki-sky.a(queuebuf.o)
                0x0000000000007c76                queuebuf_new_from_packetbuf
 .text.queuebuf_update_attr_from_packetbuf
                0x0000000000007cc8       0x12 contiki-sky.a(queuebuf.o)
                0x0000000000007cc8                queuebuf_update_attr_from_packetbuf
 .text.queuebuf_update_from_packetbuf
                0x0000000000007cda       0x22 contiki-sky.a(queuebuf.o)
                0x0000000000007cda                queuebuf_update_from_packetbuf
 .text.queuebuf_free
                0x0000000000007cfc       0x2a contiki-sky.a(queuebuf.o)
                0x0000000000007cfc                queuebuf_free
 .text.queuebuf_to_packetbuf
                0x0000000000007d26       0x32 contiki-sky.a(queuebuf.o)
                0x0000000000007d26                queuebuf_to_packetbuf
 .text.queuebuf_attr
                0x0000000000007d58        0xe contiki-sky.a(queuebuf.o)
                0x0000000000007d58                queuebuf_attr
 .text.packetbuf_hdrreduce
                0x0000000000007d66       0x1a contiki-sky.a(packetbuf.o)
                0x0000000000007d66                packetbuf_hdrreduce
 .text.packetbuf_set_datalen
                0x0000000000007d80        0x6 contiki-sky.a(packetbuf.o)
                0x0000000000007d80                packetbuf_set_datalen
 .text.packetbuf_hdrptr
                0x0000000000007d86        0x6 contiki-sky.a(packetbuf.o)
                0x0000000000007d86                packetbuf_hdrptr
 .text.packetbuf_datalen
                0x0000000000007d8c        0x6 contiki-sky.a(packetbuf.o)
                0x0000000000007d8c                packetbuf_datalen
 .text.packetbuf_hdrlen
                0x0000000000007d92        0xa contiki-sky.a(packetbuf.o)
                0x0000000000007d92                packetbuf_hdrlen
 .text.packetbuf_dataptr
                0x0000000000007d9c        0xc contiki-sky.a(packetbuf.o)
                0x0000000000007d9c                packetbuf_dataptr
 .text.packetbuf_copyto
                0x0000000000007da8       0x46 contiki-sky.a(packetbuf.o)
                0x0000000000007da8                packetbuf_copyto
 .text.packetbuf_compact
                0x0000000000007dee       0x36 contiki-sky.a(packetbuf.o)
                0x0000000000007dee                packetbuf_compact
 .text.packetbuf_totlen
                0x0000000000007e24        0xc contiki-sky.a(packetbuf.o)
                0x0000000000007e24                packetbuf_totlen
 .text.packetbuf_hdralloc
                0x0000000000007e30       0x3a contiki-sky.a(packetbuf.o)
                0x0000000000007e30                packetbuf_hdralloc
 .text.packetbuf_attr_clear
                0x0000000000007e6a       0x2c contiki-sky.a(packetbuf.o)
                0x0000000000007e6a                packetbuf_attr_clear
 .text.packetbuf_clear
                0x0000000000007e96       0x12 contiki-sky.a(packetbuf.o)
                0x0000000000007e96                packetbuf_clear
 .text.packetbuf_copyfrom
                0x0000000000007ea8       0x2e contiki-sky.a(packetbuf.o)
                0x0000000000007ea8                packetbuf_copyfrom
 .text.packetbuf_attr_copyto
                0x0000000000007ed6       0x20 contiki-sky.a(packetbuf.o)
                0x0000000000007ed6                packetbuf_attr_copyto
 .text.packetbuf_attr_copyfrom
                0x0000000000007ef6       0x22 contiki-sky.a(packetbuf.o)
                0x0000000000007ef6                packetbuf_attr_copyfrom
 .text.packetbuf_holds_broadcast
                0x0000000000007f18        0xe contiki-sky.a(packetbuf.o)
                0x0000000000007f18                packetbuf_holds_broadcast
 .text.linkaddr_copy
                0x0000000000007f26        0xc contiki-sky.a(linkaddr.o)
                0x0000000000007f26                linkaddr_copy
 .text.linkaddr_cmp
                0x0000000000007f32       0x12 contiki-sky.a(linkaddr.o)
                0x0000000000007f32                linkaddr_cmp
 .text.linkaddr_set_node_addr
                0x0000000000007f44        0xc contiki-sky.a(linkaddr.o)
                0x0000000000007f44                linkaddr_set_node_addr
 .text.duty_cycle
                0x0000000000007f50        0x6 contiki-sky.a(contikimac.o)
 .text.init     0x0000000000007f56       0x2a contiki-sky.a(contikimac.o)
 .text.on       0x0000000000007f80       0x1a contiki-sky.a(contikimac.o)
 .text.off      0x0000000000007f9a       0x22 contiki-sky.a(contikimac.o)
 .text.recv_burst_off
                0x0000000000007fbc        0xa contiki-sky.a(contikimac.o)
 .text.turn_off
                0x0000000000007fc6       0x20 contiki-sky.a(contikimac.o)
 .text.turn_on  0x0000000000007fe6       0x30 contiki-sky.a(contikimac.o)
 .text.schedule_powercycle_fixed.part.4
                0x0000000000008016       0x32 contiki-sky.a(contikimac.o)
 .text.powercycle_turn_radio_off
                0x0000000000008048       0x30 contiki-sky.a(contikimac.o)
 .text.powercycle_wrapper
                0x0000000000008078      0x1c2 contiki-sky.a(contikimac.o)
 .text.input_packet
                0x000000000000823a       0xb2 contiki-sky.a(contikimac.o)
 .text.send_packet.isra.8
                0x00000000000082ec      0x1ec contiki-sky.a(contikimac.o)
 .text.qsend_list
                0x00000000000084d8       0xd2 contiki-sky.a(contikimac.o)
 .text.qsend_packet
                0x00000000000085aa       0x28 contiki-sky.a(contikimac.o)
 .text.hdr_length
                0x00000000000085d2        0x8 contiki-sky.a(contikimac-fram)
 .text.parse    0x00000000000085da       0x3a contiki-sky.a(contikimac-fram)
 .text.create   0x0000000000008614       0x74 contiki-sky.a(contikimac-fram)
 .text.init     0x0000000000008688        0x2 contiki-sky.a(nullsec.o)
 .text.send     0x000000000000868a        0xa contiki-sky.a(nullsec.o)
 .text.input    0x0000000000008694        0x6 contiki-sky.a(nullsec.o)
 .text.spi_init
                0x000000000000869a       0x32 contiki-sky.a(spi.o)
                0x000000000000869a                spi_init
 .text.compower_accumulate
                0x00000000000086cc       0x72 contiki-sky.a(compower.o)
                0x00000000000086cc                compower_accumulate
 .text.compower_clear
                0x000000000000873e       0x12 contiki-sky.a(compower.o)
                0x000000000000873e                compower_clear
 .text.compower_attrconv
                0x0000000000008750       0x10 contiki-sky.a(compower.o)
                0x0000000000008750                compower_attrconv
 .text.memb_init
                0x0000000000008760       0x36 contiki-sky.a(memb.o)
                0x0000000000008760                memb_init
 .text.memb_alloc
                0x0000000000008796       0x3e contiki-sky.a(memb.o)
                0x0000000000008796                memb_alloc
 .text.memb_free
                0x00000000000087d4       0x3a contiki-sky.a(memb.o)
                0x00000000000087d4                memb_free
 .text.memb_inmemb
                0x000000000000880e       0x2e contiki-sky.a(memb.o)
                0x000000000000880e                memb_inmemb
 .text.get_bits_in_byte
                0x000000000000883c       0x3a contiki-sky.a(chameleon-bitop)
 .text.header_size
                0x0000000000008876       0x16 contiki-sky.a(chameleon-bitop)
 .text.get_bits
                0x000000000000888c       0xa4 contiki-sky.a(chameleon-bitop)
                0x000000000000888c                get_bits
 .text.unpack_header
                0x0000000000008930       0xdc contiki-sky.a(chameleon-bitop)
 .text.set_bits
                0x0000000000008a0c      0x116 contiki-sky.a(chameleon-bitop)
                0x0000000000008a0c                set_bits
 .text.pack_header
                0x0000000000008b22       0xc4 contiki-sky.a(chameleon-bitop)
 .text.remove_queued_packet
                0x0000000000008be6       0x36 contiki-sky.a(packetqueue.o)
 .text.packetqueue_enqueue_packetbuf
                0x0000000000008c1c       0x7a contiki-sky.a(packetqueue.o)
                0x0000000000008c1c                packetqueue_enqueue_packetbuf
 .text.packetqueue_first
                0x0000000000008c96        0xa contiki-sky.a(packetqueue.o)
                0x0000000000008c96                packetqueue_first
 .text.packetqueue_dequeue
                0x0000000000008ca0       0x40 contiki-sky.a(packetqueue.o)
                0x0000000000008ca0                packetqueue_dequeue
 .text.packetqueue_len
                0x0000000000008ce0        0xa contiki-sky.a(packetqueue.o)
                0x0000000000008ce0                packetqueue_len
 .text.packetqueue_queuebuf
                0x0000000000008cea        0xe contiki-sky.a(packetqueue.o)
                0x0000000000008cea                packetqueue_queuebuf
 .text.periodic
                0x0000000000008cf8       0x8e contiki-sky.a(collect-neighbo)
 .text.collect_neighbor_init
                0x0000000000008d86       0x14 contiki-sky.a(collect-neighbo)
                0x0000000000008d86                collect_neighbor_init
 .text.collect_neighbor_list_new
                0x0000000000008d9a       0x32 contiki-sky.a(collect-neighbo)
                0x0000000000008d9a                collect_neighbor_list_new
 .text.collect_neighbor_list_find
                0x0000000000008dcc       0x3a contiki-sky.a(collect-neighbo)
                0x0000000000008dcc                collect_neighbor_list_find
 .text.collect_neighbor_list_add
                0x0000000000008e06       0xaa contiki-sky.a(collect-neighbo)
                0x0000000000008e06                collect_neighbor_list_add
 .text.collect_neighbor_list
                0x0000000000008eb0        0xe contiki-sky.a(collect-neighbo)
                0x0000000000008eb0                collect_neighbor_list
 .text.collect_neighbor_update_rtmetric
                0x0000000000008ebe        0xe contiki-sky.a(collect-neighbo)
                0x0000000000008ebe                collect_neighbor_update_rtmetric
 .text.collect_neighbor_tx_fail
                0x0000000000008ecc       0x1e contiki-sky.a(collect-neighbo)
                0x0000000000008ecc                collect_neighbor_tx_fail
 .text.collect_neighbor_tx
                0x0000000000008eea       0x1e contiki-sky.a(collect-neighbo)
                0x0000000000008eea                collect_neighbor_tx
 .text.collect_neighbor_rtmetric_link_estimate
                0x0000000000008f08       0x1c contiki-sky.a(collect-neighbo)
                0x0000000000008f08                collect_neighbor_rtmetric_link_estimate
 .text.collect_neighbor_list_best
                0x0000000000008f24       0x4a contiki-sky.a(collect-neighbo)
                0x0000000000008f24                collect_neighbor_list_best
 .text.collect_neighbor_rtmetric
                0x0000000000008f6e        0xe contiki-sky.a(collect-neighbo)
                0x0000000000008f6e                collect_neighbor_rtmetric
 .text.collect_neighbor_set_congested
                0x0000000000008f7c       0x14 contiki-sky.a(collect-neighbo)
                0x0000000000008f7c                collect_neighbor_set_congested
 .text.mac_sequence_is_duplicate
                0x0000000000008f90       0x66 contiki-sky.a(mac-sequence.o)
                0x0000000000008f90                mac_sequence_is_duplicate
 .text.mac_sequence_register_seqno
                0x0000000000008ff6       0x74 contiki-sky.a(mac-sequence.o)
                0x0000000000008ff6                mac_sequence_register_seqno
 .text.mac_call_sent_callback
                0x000000000000906a       0x14 contiki-sky.a(mac.o)
                0x000000000000906a                mac_call_sent_callback
 .text.parse    0x000000000000907e       0xb0 contiki-sky.a(framer-802154.o)
 .text.create_frame.isra.0
                0x000000000000912e      0x114 contiki-sky.a(framer-802154.o)
 .text.create   0x0000000000009242        0x8 contiki-sky.a(framer-802154.o)
 .text.hdr_length
                0x000000000000924a        0x8 contiki-sky.a(framer-802154.o)
 .text.frame802154_get_pan_id
                0x0000000000009252        0x6 contiki-sky.a(frame802154.o)
                0x0000000000009252                frame802154_get_pan_id
 .text.frame802154_has_panid
                0x0000000000009258       0xdc contiki-sky.a(frame802154.o)
                0x0000000000009258                frame802154_has_panid
 .text.field_len
                0x0000000000009334       0xb2 contiki-sky.a(frame802154.o)
 .text.frame802154_is_broadcast_addr
                0x00000000000093e6       0x24 contiki-sky.a(frame802154.o)
                0x00000000000093e6                frame802154_is_broadcast_addr
 .text.frame802154_hdrlen
                0x000000000000940a       0x32 contiki-sky.a(frame802154.o)
                0x000000000000940a                frame802154_hdrlen
 .text.frame802154_create_fcf
                0x000000000000943c       0x96 contiki-sky.a(frame802154.o)
                0x000000000000943c                frame802154_create_fcf
 .text.frame802154_create
                0x00000000000094d2       0xe4 contiki-sky.a(frame802154.o)
                0x00000000000094d2                frame802154_create
 .text.frame802154_parse_fcf
                0x00000000000095b6       0xbe contiki-sky.a(frame802154.o)
                0x00000000000095b6                frame802154_parse_fcf
 .text.frame802154_parse
                0x0000000000009674      0x18c contiki-sky.a(frame802154.o)
                0x0000000000009674                frame802154_parse
 .text.libgcc   0x0000000000009800       0x2c /usr/lib/gcc/msp430/4.6.3/mmpy-16/libgcc.a(_mulsi3.o)
                0x0000000000009800                __mulsi3
 .text.libgcc   0x000000000000982c       0x22 /usr/lib/gcc/msp430/4.6.3/mmpy-16/libgcc.a(_udivmod16.o)
                0x000000000000982c                __udivhi3
                0x000000000000982c                __ext_udivmod16
                0x0000000000009846                __umodhi3
 .text.libgcc   0x000000000000984e       0x40 /usr/lib/gcc/msp430/4.6.3/mmpy-16/libgcc.a(_udivmod32.o)
                0x000000000000984e                __udivsi3
                0x000000000000984e                __ext_udivmod32
                0x0000000000009884                __umodsi3
 .text          0x000000000000988e       0x20 /usr/lib/gcc/msp430/4.6.3/../../../../msp430/lib/mmpy-16/libc.a(memcmp.o)
                0x000000000000988e                memcmp
 .text          0x00000000000098ae       0xfa /usr/lib/gcc/msp430/4.6.3/../../../../msp430/lib/mmpy-16/libc.a(memcpy.o)
                0x00000000000098ae                memcpy
 .text          0x00000000000099a8       0x6a /usr/lib/gcc/msp430/4.6.3/../../../../msp430/lib/mmpy-16/libc.a(memset.o)
                0x00000000000099a8                memset
 .text          0x0000000000009a12       0x1e /usr/lib/gcc/msp430/4.6.3/../../../../msp430/lib/mmpy-16/libc.a(printf.o)
                0x0000000000009a12                printf
                0x0000000000009a22                vprintf
 .text          0x0000000000009a30      0x836 /usr/lib/gcc/msp430/4.6.3/../../../../msp430/lib/mmpy-16/libc.a(vuprintf.o)
                0x0000000000009bc8                vuprintf
 .text          0x000000000000a266       0x2c /usr/lib/gcc/msp430/4.6.3/../../../../msp430/lib/mmpy-16/libc.a(puts.o)
                0x000000000000a266                puts
 .text          0x000000000000a292       0x54 /usr/lib/gcc/msp430/4.6.3/../../../../msp430/lib/mmpy-16/libc.a(rand.o)
                0x000000000000a292                rand_r
                0x000000000000a2b6                rand
                0x000000000000a2dc                srand
 .text.libgcc   0x000000000000a2e6       0xf0 /usr/lib/gcc/msp430/4.6.3/mmpy-16/libgcc.a(_udivmod64.o)
                0x000000000000a2e6                __xabi_udivmod64
                0x000000000000a344                __udivdi3
                0x000000000000a36a                __umoddi3
                0x000000000000a398                __udivmoddi4
 .text.crt0     0x000000000000a3d6        0x2 /usr/lib/gcc/msp430/4.6.3/mmpy-16/libcrt0.a(_unexpected_.o)
                0x000000000000a3d6                _unexpected_
                0x000000000000a3d8                . = ALIGN (0x2)

.rodata         0x000000000000a3d8      0x2de
                0x000000000000a3d8                . = ALIGN (0x2)
 *(.rodata .rodata.* .gnu.linkonce.r.*)
 .rodata        0x000000000000a3d8       0xa2 app-collect.co
                0x000000000000a46a                autostart_processes
 .rodata        0x000000000000a47a       0xe5 obj_sky/contiki-sky-main.o
 *fill*         0x000000000000a55f        0x1 00
 .rodata        0x000000000000a560       0x10 contiki-sky.a(button-sensor.o)
                0x000000000000a568                button_sensor
 .rodata        0x000000000000a570        0x8 contiki-sky.a(sensors.o)
 .rodata        0x000000000000a578       0x70 contiki-sky.a(cc2420.o)
                0x000000000000a5aa                cc2420_aes_128_driver
                0x000000000000a5ae                cc2420_driver
 .rodata        0x000000000000a5e8        0xc contiki-sky.a(etimer.o)
 .rodata        0x000000000000a5f4        0xf contiki-sky.a(ctimer.o)
 .rodata        0x000000000000a603        0xe contiki-sky.a(serial-line.o)
 *fill*         0x000000000000a611        0x1 00
 .rodata        0x000000000000a612        0xc contiki-sky.a(rime.o)
                0x000000000000a618                rime_driver
 .rodata        0x000000000000a61e        0x4 contiki-sky.a(broadcast-annou)
 .rodata        0x000000000000a622        0x2 contiki-sky.a(abc.o)
 .rodata        0x000000000000a624        0x8 contiki-sky.a(broadcast.o)
 .rodata        0x000000000000a62c       0x18 contiki-sky.a(collect.o)
 .rodata        0x000000000000a644        0xa contiki-sky.a(unicast.o)
 .rodata        0x000000000000a64e       0x14 contiki-sky.a(csma.o)
                0x000000000000a654                csma_driver
 .rodata        0x000000000000a662        0x2 contiki-sky.a(linkaddr.o)
                0x000000000000a662                linkaddr_null
 .rodata        0x000000000000a664       0x1c contiki-sky.a(contikimac.o)
                0x000000000000a670                contikimac_driver
 .rodata        0x000000000000a680        0x6 contiki-sky.a(contikimac-fram)
                0x000000000000a680                contikimac_framer
 .rodata        0x000000000000a686       0x10 contiki-sky.a(nullsec.o)
                0x000000000000a68e                nullsec_driver
 .rodata        0x000000000000a696       0x10 contiki-sky.a(chameleon-bitop)
                0x000000000000a696                chameleon_bitopt
 .rodata        0x000000000000a6a6        0x6 contiki-sky.a(framer-802154.o)
                0x000000000000a6a6                framer_802154
 .rodata        0x000000000000a6ac        0x2 contiki-sky.a(frame802154.o)
 .rodata        0x000000000000a6ae        0x7 /usr/lib/gcc/msp430/4.6.3/../../../../msp430/lib/mmpy-16/libc.a(vuprintf.o)
                0x000000000000a6b6                . = ALIGN (0x2)
 *fill*         0x000000000000a6b5        0x1 00
                0x000000000000a6b6                _etext = .

.data           0x0000000000001100       0x86 load address 0x000000000000a6b6
                0x0000000000001100                . = ALIGN (0x2)
                0x0000000000001100                PROVIDE (__data_start, .)
 *(.data .data.* .gnu.linkonce.d.*)
 .data          0x0000000000001100        0xe app-collect.co
                0x0000000000001100                cb
                0x0000000000001102                app_process
                0x000000000000110c                sink
 .data          0x000000000000110e        0x4 contiki-sky.a(contiki-sky-pla)
                0x000000000000110e                sensors
 .data          0x0000000000001112        0xa contiki-sky.a(sensors.o)
                0x0000000000001112                sensors_process
 .data          0x000000000000111c        0xc contiki-sky.a(cc2420.o)
                0x000000000000111c                cc2420_process
 .data          0x0000000000001128        0x2 contiki-sky.a(msp430.o)
 .data          0x000000000000112a        0xa contiki-sky.a(etimer.o)
                0x000000000000112a                etimer_process
 .data          0x0000000000001134        0xa contiki-sky.a(ctimer.o)
                0x0000000000001134                ctimer_process
 .data          0x000000000000113e        0xa contiki-sky.a(serial-line.o)
                0x000000000000113e                serial_line_process
 .data          0x0000000000001148        0x8 contiki-sky.a(collect.o)
 .data          0x0000000000001150       0x18 contiki-sky.a(csma.o)
 .data          0x0000000000001168       0x10 contiki-sky.a(queuebuf.o)
 .data          0x0000000000001178        0x8 contiki-sky.a(collect-neighbo)
 .data          0x0000000000001180        0x2 contiki-sky.a(frame802154.o)
 .data          0x0000000000001182        0x4 /usr/lib/gcc/msp430/4.6.3/../../../../msp430/lib/mmpy-16/libc.a(rand.o)
                0x0000000000001186                . = ALIGN (0x2)
                0x0000000000001186                _edata = .
                0x000000000000a6b6                PROVIDE (__data_load_start, LOADADDR (.data))
                0x0000000000000086                PROVIDE (__data_size, SIZEOF (.data))

.bss            0x0000000000001186     0x177e load address 0x000000000000a73c
                0x0000000000001186                PROVIDE (__bss_start, .)
 *(.bss .bss.*)
 .bss           0x0000000000001186       0xb8 app-collect.co
 .bss           0x000000000000123e        0xc obj_sky/contiki-sky-main.o
 .bss           0x000000000000124a        0x8 contiki-sky.a(button-sensor.o)
 .bss           0x0000000000001252        0x2 contiki-sky.a(node-id.o)
                0x0000000000001252                node_id
 .bss           0x0000000000001254        0x6 contiki-sky.a(sensors.o)
 .bss           0x000000000000125a        0xa contiki-sky.a(cc2420.o)
 .bss           0x0000000000001264       0x9a contiki-sky.a(uart1.o)
 .bss           0x00000000000012fe        0xa contiki-sky.a(clock.o)
 .bss           0x0000000000001308        0x1 contiki-sky.a(leds.o)
 *fill*         0x0000000000001309        0x1 00
 .bss           0x000000000000130a        0x2 contiki-sky.a(watchdog.o)
 .bss           0x000000000000130c        0x6 contiki-sky.a(etimer.o)
 .bss           0x0000000000001312        0x4 contiki-sky.a(ctimer.o)
 .bss           0x0000000000001316       0x38 contiki-sky.a(process.o)
                0x0000000000001316                process_current
                0x0000000000001318                process_list
 .bss           0x000000000000134e        0x2 contiki-sky.a(rtimer.o)
 .bss           0x0000000000001350      0x10a contiki-sky.a(serial-line.o)
 .bss           0x000000000000145a        0x2 contiki-sky.a(rime.o)
 .bss           0x000000000000145c       0x46 contiki-sky.a(broadcast-annou)
 .bss           0x00000000000014a2        0x6 contiki-sky.a(announcement.o)
 .bss           0x00000000000014a8        0x2 contiki-sky.a(channel.o)
 .bss           0x00000000000014aa      0x1be contiki-sky.a(collect.o)
 .bss           0x0000000000001668      0x124 contiki-sky.a(csma.o)
 .bss           0x000000000000178c      0xc20 contiki-sky.a(queuebuf.o)
 .bss           0x00000000000023ac       0x86 contiki-sky.a(packetbuf.o)
 .bss           0x0000000000002432       0x32 contiki-sky.a(contikimac.o)
 .bss           0x0000000000002464        0x8 contiki-sky.a(compower.o)
 .bss           0x000000000000246c      0x322 contiki-sky.a(collect-neighbo)
 .bss           0x000000000000278e       0x80 contiki-sky.a(mac-sequence.o)
 .bss           0x000000000000280e        0x2 contiki-sky.a(framer-802154.o)
 *(COMMON)
 COMMON         0x0000000000002810        0x2 contiki-sky.a(contiki-sky-pla)
                0x0000000000002810                sensors_flags
 COMMON         0x0000000000002812        0x8 contiki-sky.a(ds2411.o)
                0x0000000000002812                ds2411_id
 COMMON         0x000000000000281a        0x1 contiki-sky.a(sensors.o)
                0x000000000000281a                sensors_event
 *fill*         0x000000000000281b        0x1 00
 COMMON         0x000000000000281c       0x10 contiki-sky.a(cc2420.o)
                0x000000000000281c                cc2420_last_rssi
                0x000000000000281e                cc2420_sfd_start_time
                0x0000000000002820                cc2420_time_of_departure
                0x0000000000002822                cc2420_time_of_arrival
                0x0000000000002824                cc2420_last_correlation
                0x0000000000002826                cc2420_authority_level_of_sender
                0x0000000000002828                cc2420_sfd_counter
                0x000000000000282a                cc2420_sfd_end_time
 COMMON         0x000000000000282c        0x2 contiki-sky.a(msp430.o)
                0x000000000000282c                msp430_dco_required
 COMMON         0x000000000000282e       0x56 contiki-sky.a(energest.o)
                0x000000000000282e                energest_total_time
                0x000000000000285e                energest_total_count
                0x0000000000002860                energest_current_mode
                0x000000000000286c                energest_current_time
 COMMON         0x0000000000002884        0x1 contiki-sky.a(process.o)
                0x0000000000002884                process_maxevents
 COMMON         0x0000000000002885        0x1 contiki-sky.a(serial-line.o)
                0x0000000000002885                serial_line_event_message
 COMMON         0x0000000000002886       0x38 contiki-sky.a(collect.o)
                0x0000000000002886                stats
 COMMON         0x00000000000028be       0x3c contiki-sky.a(packetbuf.o)
                0x00000000000028be                packetbuf_addrs
                0x00000000000028c6                packetbuf_attrs
 COMMON         0x00000000000028fa        0x2 contiki-sky.a(linkaddr.o)
                0x00000000000028fa                linkaddr_node_addr
 COMMON         0x00000000000028fc        0x8 contiki-sky.a(compower.o)
                0x00000000000028fc                compower_idle_activity
                0x0000000000002904                . = ALIGN (0x2)
                0x0000000000002904                PROVIDE (__bss_end, .)
                0x000000000000177e                PROVIDE (__bss_size, SIZEOF (.bss))

.noinit         0x0000000000002904        0x2 load address 0x000000000000a73c
                0x0000000000002904                PROVIDE (__noinit_start, .)
 *(.noinit .noinit.*)
 .noinit.crt0   0x0000000000002904        0x2 /usr/lib/gcc/msp430/4.6.3/mmpy-16/libcrt0.a(__watchdog_support.o)
                0x0000000000002904                __wdt_clear_value
                0x0000000000002906                . = ALIGN (0x2)
                0x0000000000002906                PROVIDE (__noinit_end, .)
                0x0000000000002906                . = ALIGN (0x2)
                0x0000000000002906                _end = .

.infomem        0x0000000000001000        0x0
 *(.infomem)
                0x0000000000001000                . = ALIGN (0x2)
 *(.infomem.*)

.infomemnobits  0x0000000000001000        0x0
 *(.infomemnobits)
                0x0000000000001000                . = ALIGN (0x2)
 *(.infomemnobits.*)

.infoa
 *(.infoa .infoa.*)

.infob
 *(.infob .infob.*)

.infoc
 *(.infoc .infoc.*)

.infod
 *(.infod .infod.*)

.vectors        0x000000000000ffe0       0x20
                0x000000000000ffe0                PROVIDE (__vectors_start, .)
 *(.vectors*)
 .vectors       0x000000000000ffe0       0x20 /usr/lib/gcc/msp430/4.6.3/mmpy-16/crt0ivtbl16.o
                0x000000000000ffe0                __ivtbl_16
                0x0000000000010000                _vectors_end = .

.fartext        0x0000000000000000        0x0
                0x0000000000000000                . = ALIGN (0x2)
 *(.fartext)
                0x0000000000000000                . = ALIGN (0x2)
 *(.fartext.*)
                0x0000000000000000                _efartext = .

.profiler
 *(.profiler)

.stab           0x0000000000000000    0x1ebf4
 *(.stab)
 .stab          0x0000000000000000     0x13a4 app-collect.co
 .stab          0x00000000000013a4      0xffc obj_sky/my_collect.o
                                       0x1758 (size before relaxing)
 .stab          0x00000000000023a0      0xf18 obj_sky/contiki-sky-main.o
                                       0x17a0 (size before relaxing)
 .stab          0x00000000000032b8      0x264 contiki-sky.a(contiki-sky-pla)
                                        0x5b8 (size before relaxing)
 .stab          0x000000000000351c      0x468 contiki-sky.a(button-sensor.o)
                                        0x7d4 (size before relaxing)
 .stab          0x0000000000003984      0x624 contiki-sky.a(ds2411.o)
                                        0xb40 (size before relaxing)
 .stab          0x0000000000003fa8      0xa38 contiki-sky.a(xmem.o)
                                        0xf60 (size before relaxing)
 .stab          0x00000000000049e0      0x2b8 contiki-sky.a(node-id.o)
                                        0x4e0 (size before relaxing)
 .stab          0x0000000000004c98      0x654 contiki-sky.a(sensors.o)
                                        0xb70 (size before relaxing)
 .stab          0x00000000000052ec     0x28d4 contiki-sky.a(cc2420.o)
                                       0x3030 (size before relaxing)
 .stab          0x0000000000007bc0      0xa68 contiki-sky.a(cc2420-arch.o)
                                       0x13f8 (size before relaxing)
 .stab          0x0000000000008628      0x60c contiki-sky.a(uart1.o)
                                        0x960 (size before relaxing)
 .stab          0x0000000000008c34      0x234 contiki-sky.a(uart1-putchar.o)
                                        0x588 (size before relaxing)
 .stab          0x0000000000008e68      0x744 contiki-sky.a(msp430.o)
                                        0xa98 (size before relaxing)
 .stab          0x00000000000095ac      0x948 contiki-sky.a(clock.o)
                                        0xc9c (size before relaxing)
 .stab          0x0000000000009ef4      0x5dc contiki-sky.a(leds.o)
                                        0x828 (size before relaxing)
 .stab          0x000000000000a4d0      0x3a8 contiki-sky.a(leds-arch.o)
                                        0x6fc (size before relaxing)
 .stab          0x000000000000a878      0x3fc contiki-sky.a(watchdog.o)
                                        0x750 (size before relaxing)
 .stab          0x000000000000ac74      0x3cc contiki-sky.a(rtimer-arch.o)
                                        0x720 (size before relaxing)
 .stab          0x000000000000b040      0x294 contiki-sky.a(autostart.o)
                                        0x534 (size before relaxing)
 .stab          0x000000000000b2d4      0x474 contiki-sky.a(energest.o)
                                        0x6fc (size before relaxing)
 .stab          0x000000000000b748      0xabc contiki-sky.a(etimer.o)
                                        0xd8c (size before relaxing)
 .stab          0x000000000000c204      0x858 contiki-sky.a(ctimer.o)
                                        0xbc4 (size before relaxing)
 .stab          0x000000000000ca5c      0xba0 contiki-sky.a(process.o)
                                       0x1038 (size before relaxing)
 .stab          0x000000000000d5fc      0x3d8 contiki-sky.a(rtimer.o)
                                        0x6c0 (size before relaxing)
 .stab          0x000000000000d9d4      0x354 contiki-sky.a(timer.o)
                                        0x594 (size before relaxing)
 .stab          0x000000000000dd28      0x534 contiki-sky.a(serial-line.o)
                                        0xa50 (size before relaxing)
 .stab          0x000000000000e25c      0x7f8 contiki-sky.a(list.o)
                                        0x804 (size before relaxing)
 .stab          0x000000000000ea54      0x24c contiki-sky.a(random.o)
                                        0x624 (size before relaxing)
 .stab          0x000000000000eca0      0x3fc contiki-sky.a(ringbuf.o)
                                        0x63c (size before relaxing)
 .stab          0x000000000000f09c      0x8e8 contiki-sky.a(rime.o)
                                       0x1410 (size before relaxing)
 .stab          0x000000000000f984      0x948 contiki-sky.a(broadcast-annou)
                                       0x15c0 (size before relaxing)
 .stab          0x00000000000102cc      0x66c contiki-sky.a(abc.o)
                                       0x1494 (size before relaxing)
 .stab          0x0000000000010938      0x6e4 contiki-sky.a(announcement.o)
                                        0x984 (size before relaxing)
 .stab          0x000000000001101c      0x6d8 contiki-sky.a(broadcast.o)
                                       0x1500 (size before relaxing)
 .stab          0x00000000000116f4      0x5e8 contiki-sky.a(chameleon.o)
                                       0x123c (size before relaxing)
 .stab          0x0000000000011cdc      0x624 contiki-sky.a(channel.o)
                                       0x129c (size before relaxing)
 .stab          0x0000000000012300     0x1f74 contiki-sky.a(collect.o)
                                       0x2c7c (size before relaxing)
 .stab          0x0000000000014274      0x624 contiki-sky.a(unicast.o)
                                       0x129c (size before relaxing)
 .stab          0x0000000000014898      0x5e8 contiki-sky.a(collect-link-es)
                                       0x1014 (size before relaxing)
 .stab          0x0000000000014e80      0xcf0 contiki-sky.a(csma.o)
                                       0x1680 (size before relaxing)
 .stab          0x0000000000015b70      0xa5c contiki-sky.a(queuebuf.o)
                                       0x1884 (size before relaxing)
 .stab          0x00000000000165cc      0xc60 contiki-sky.a(packetbuf.o)
                                       0x1aa0 (size before relaxing)
 .stab          0x000000000001722c      0x2c4 contiki-sky.a(linkaddr.o)
                                        0x6c0 (size before relaxing)
 .stab          0x00000000000174f0     0x1728 contiki-sky.a(contikimac.o)
                                       0x22ec (size before relaxing)
 .stab          0x0000000000018c18      0x81c contiki-sky.a(contikimac-fram)
                                        0xe58 (size before relaxing)
 .stab          0x0000000000019434      0x3c0 contiki-sky.a(nullsec.o)
                                        0xcf0 (size before relaxing)
 .stab          0x00000000000197f4      0x204 contiki-sky.a(spi.o)
                                        0x42c (size before relaxing)
 .stab          0x00000000000199f8      0x51c contiki-sky.a(compower.o)
                                        0xd20 (size before relaxing)
 .stab          0x0000000000019f14      0x5c4 contiki-sky.a(memb.o)
                                        0xaf8 (size before relaxing)
 .stab          0x000000000001a4d8      0xd80 contiki-sky.a(chameleon-bitop)
                                       0x19f8 (size before relaxing)
 .stab          0x000000000001b258      0x8ac contiki-sky.a(packetqueue.o)
                                        0xf84 (size before relaxing)
 .stab          0x000000000001bb04      0xffc contiki-sky.a(collect-neighbo)
                                       0x1a64 (size before relaxing)
 .stab          0x000000000001cb00      0x630 contiki-sky.a(mac-sequence.o)
                                       0x1470 (size before relaxing)
 .stab          0x000000000001d130      0x1f8 contiki-sky.a(mac.o)
                                        0x4ec (size before relaxing)
 .stab          0x000000000001d328      0x6f0 contiki-sky.a(framer-802154.o)
                                        0xf30 (size before relaxing)
 .stab          0x000000000001da18     0x11dc contiki-sky.a(frame802154.o)
                                       0x19c8 (size before relaxing)

.stabstr        0x0000000000000000    0x18084
 *(.stabstr)
 .stabstr       0x0000000000000000    0x18084 app-collect.co

.stab.excl
 *(.stab.excl)

.stab.exclstr
 *(.stab.exclstr)

.stab.index
 *(.stab.index)

.stab.indexstr
 *(.stab.indexstr)

.comment
 *(.comment)

.debug
 *(.debug)

.line
 *(.line)

.debug_srcinfo
 *(.debug_srcinfo)

.debug_sfnames
 *(.debug_sfnames)

.debug_aranges  0x0000000000000000      0x168
 *(.debug_aranges)
 .debug_aranges
                0x0000000000000000       0x14 /usr/lib/gcc/msp430/4.6.3/mmpy-16/libgcc.a(_mulsi3.o)
 .debug_aranges
                0x0000000000000014       0x14 /usr/lib/gcc/msp430/4.6.3/mmpy-16/libgcc.a(_udivmod16.o)
 .debug_aranges
                0x0000000000000028       0x14 /usr/lib/gcc/msp430/4.6.3/mmpy-16/libgcc.a(_udivmod32.o)
 .debug_aranges
                0x000000000000003c       0x14 /usr/lib/gcc/msp430/4.6.3/../../../../msp430/lib/mmpy-16/libc.a(strncmp.o)
 .debug_aranges
                0x0000000000000050       0x14 /usr/lib/gcc/msp430/4.6.3/../../../../msp430/lib/mmpy-16/libc.a(memcmp.o)
 .debug_aranges
                0x0000000000000064       0x14 /usr/lib/gcc/msp430/4.6.3/../../../../msp430/lib/mmpy-16/libc.a(memcpy.o)
 .debug_aranges
                0x0000000000000078       0x14 /usr/lib/gcc/msp430/4.6.3/../../../../msp430/lib/mmpy-16/libc.a(memset.o)
 .debug_aranges
                0x000000000000008c       0x14 /usr/lib/gcc/msp430/4.6.3/../../../../msp430/lib/mmpy-16/libc.a(printf.o)
 .debug_aranges
                0x00000000000000a0       0x14 /usr/lib/gcc/msp430/4.6.3/../../../../msp430/lib/mmpy-16/libc.a(vuprintf.o)
 .debug_aranges
                0x00000000000000b4       0x14 /usr/lib/gcc/msp430/4.6.3/../../../../msp430/lib/mmpy-16/libc.a(puts.o)
 .debug_aranges
                0x00000000000000c8       0x14 /usr/lib/gcc/msp430/4.6.3/../../../../msp430/lib/mmpy-16/libc.a(rand.o)
 .debug_aranges
                0x00000000000000dc       0x14 /usr/lib/gcc/msp430/4.6.3/mmpy-16/libgcc.a(_udivmod64.o)
 .debug_aranges
                0x00000000000000f0       0x14 /usr/lib/gcc/msp430/4.6.3/mmpy-16/libcrt0.a(__watchdog_support.o)
 .debug_aranges
                0x0000000000000104       0x14 /usr/lib/gcc/msp430/4.6.3/mmpy-16/libcrt0.a(__init_stack.o)
 .debug_aranges
                0x0000000000000118       0x14 /usr/lib/gcc/msp430/4.6.3/mmpy-16/libcrt0.a(_copy_data.o)
 .debug_aranges
                0x000000000000012c       0x14 /usr/lib/gcc/msp430/4.6.3/mmpy-16/libcrt0.a(_clear_bss.o)
 .debug_aranges
                0x0000000000000140       0x14 /usr/lib/gcc/msp430/4.6.3/mmpy-16/libcrt0.a(_endless_loop__.o)
 .debug_aranges
                0x0000000000000154       0x14 /usr/lib/gcc/msp430/4.6.3/mmpy-16/libcrt0.a(_unexpected_.o)

.debug_pubnames
 *(.debug_pubnames)

.debug_info     0x0000000000000000     0x139b
 *(.debug_info)
 .debug_info    0x0000000000000000       0xd6 /usr/lib/gcc/msp430/4.6.3/mmpy-16/libgcc.a(_mulsi3.o)
 .debug_info    0x00000000000000d6       0xd6 /usr/lib/gcc/msp430/4.6.3/mmpy-16/libgcc.a(_udivmod16.o)
 .debug_info    0x00000000000001ac       0xd6 /usr/lib/gcc/msp430/4.6.3/mmpy-16/libgcc.a(_udivmod32.o)
 .debug_info    0x0000000000000282       0xbb /usr/lib/gcc/msp430/4.6.3/../../../../msp430/lib/mmpy-16/libc.a(strncmp.o)
 .debug_info    0x000000000000033d       0xe8 /usr/lib/gcc/msp430/4.6.3/../../../../msp430/lib/mmpy-16/libc.a(memcmp.o)
 .debug_info    0x0000000000000425      0x113 /usr/lib/gcc/msp430/4.6.3/../../../../msp430/lib/mmpy-16/libc.a(memcpy.o)
 .debug_info    0x0000000000000538       0xfe /usr/lib/gcc/msp430/4.6.3/../../../../msp430/lib/mmpy-16/libc.a(memset.o)
 .debug_info    0x0000000000000636      0x105 /usr/lib/gcc/msp430/4.6.3/../../../../msp430/lib/mmpy-16/libc.a(printf.o)
 .debug_info    0x000000000000073b      0x565 /usr/lib/gcc/msp430/4.6.3/../../../../msp430/lib/mmpy-16/libc.a(vuprintf.o)
 .debug_info    0x0000000000000ca0       0x96 /usr/lib/gcc/msp430/4.6.3/../../../../msp430/lib/mmpy-16/libc.a(puts.o)
 .debug_info    0x0000000000000d36      0x13f /usr/lib/gcc/msp430/4.6.3/../../../../msp430/lib/mmpy-16/libc.a(rand.o)
 .debug_info    0x0000000000000e75       0xd6 /usr/lib/gcc/msp430/4.6.3/mmpy-16/libgcc.a(_udivmod64.o)
 .debug_info    0x0000000000000f4b       0xb8 /usr/lib/gcc/msp430/4.6.3/mmpy-16/libcrt0.a(__watchdog_support.o)
 .debug_info    0x0000000000001003       0xb8 /usr/lib/gcc/msp430/4.6.3/mmpy-16/libcrt0.a(__init_stack.o)
 .debug_info    0x00000000000010bb       0xb8 /usr/lib/gcc/msp430/4.6.3/mmpy-16/libcrt0.a(_copy_data.o)
 .debug_info    0x0000000000001173       0xb8 /usr/lib/gcc/msp430/4.6.3/mmpy-16/libcrt0.a(_clear_bss.o)
 .debug_info    0x000000000000122b       0xb8 /usr/lib/gcc/msp430/4.6.3/mmpy-16/libcrt0.a(_endless_loop__.o)
 .debug_info    0x00000000000012e3       0xb8 /usr/lib/gcc/msp430/4.6.3/mmpy-16/libcrt0.a(_unexpected_.o)
 *(.gnu.linkonce.wi.*)

.debug_abbrev   0x0000000000000000      0x721
 *(.debug_abbrev)
 .debug_abbrev  0x0000000000000000       0x14 /usr/lib/gcc/msp430/4.6.3/mmpy-16/libgcc.a(_mulsi3.o)
 .debug_abbrev  0x0000000000000014       0x14 /usr/lib/gcc/msp430/4.6.3/mmpy-16/libgcc.a(_udivmod16.o)
 .debug_abbrev  0x0000000000000028       0x14 /usr/lib/gcc/msp430/4.6.3/mmpy-16/libgcc.a(_udivmod32.o)
 .debug_abbrev  0x000000000000003c       0x7c /usr/lib/gcc/msp430/4.6.3/../../../../msp430/lib/mmpy-16/libc.a(strncmp.o)
 .debug_abbrev  0x00000000000000b8       0x9b /usr/lib/gcc/msp430/4.6.3/../../../../msp430/lib/mmpy-16/libc.a(memcmp.o)
 .debug_abbrev  0x0000000000000153       0x97 /usr/lib/gcc/msp430/4.6.3/../../../../msp430/lib/mmpy-16/libc.a(memcpy.o)
 .debug_abbrev  0x00000000000001ea       0x9c /usr/lib/gcc/msp430/4.6.3/../../../../msp430/lib/mmpy-16/libc.a(memset.o)
 .debug_abbrev  0x0000000000000286       0xd0 /usr/lib/gcc/msp430/4.6.3/../../../../msp430/lib/mmpy-16/libc.a(printf.o)
 .debug_abbrev  0x0000000000000356      0x1ef /usr/lib/gcc/msp430/4.6.3/../../../../msp430/lib/mmpy-16/libc.a(vuprintf.o)
 .debug_abbrev  0x0000000000000545       0x60 /usr/lib/gcc/msp430/4.6.3/../../../../msp430/lib/mmpy-16/libc.a(puts.o)
 .debug_abbrev  0x00000000000005a5       0xf0 /usr/lib/gcc/msp430/4.6.3/../../../../msp430/lib/mmpy-16/libc.a(rand.o)
 .debug_abbrev  0x0000000000000695       0x14 /usr/lib/gcc/msp430/4.6.3/mmpy-16/libgcc.a(_udivmod64.o)
 .debug_abbrev  0x00000000000006a9       0x14 /usr/lib/gcc/msp430/4.6.3/mmpy-16/libcrt0.a(__watchdog_support.o)
 .debug_abbrev  0x00000000000006bd       0x14 /usr/lib/gcc/msp430/4.6.3/mmpy-16/libcrt0.a(__init_stack.o)
 .debug_abbrev  0x00000000000006d1       0x14 /usr/lib/gcc/msp430/4.6.3/mmpy-16/libcrt0.a(_copy_data.o)
 .debug_abbrev  0x00000000000006e5       0x14 /usr/lib/gcc/msp430/4.6.3/mmpy-16/libcrt0.a(_clear_bss.o)
 .debug_abbrev  0x00000000000006f9       0x14 /usr/lib/gcc/msp430/4.6.3/mmpy-16/libcrt0.a(_endless_loop__.o)
 .debug_abbrev  0x000000000000070d       0x14 /usr/lib/gcc/msp430/4.6.3/mmpy-16/libcrt0.a(_unexpected_.o)

.debug_line     0x0000000000000000      0xc6f
 *(.debug_line)
 .debug_line    0x0000000000000000       0xa3 /usr/lib/gcc/msp430/4.6.3/mmpy-16/libgcc.a(_mulsi3.o)
 .debug_line    0x00000000000000a3       0x9c /usr/lib/gcc/msp430/4.6.3/mmpy-16/libgcc.a(_udivmod16.o)
 .debug_line    0x000000000000013f       0xab /usr/lib/gcc/msp430/4.6.3/mmpy-16/libgcc.a(_udivmod32.o)
 .debug_line    0x00000000000001ea       0x75 /usr/lib/gcc/msp430/4.6.3/../../../../msp430/lib/mmpy-16/libc.a(strncmp.o)
 .debug_line    0x000000000000025f       0x73 /usr/lib/gcc/msp430/4.6.3/../../../../msp430/lib/mmpy-16/libc.a(memcmp.o)
 .debug_line    0x00000000000002d2       0xe9 /usr/lib/gcc/msp430/4.6.3/../../../../msp430/lib/mmpy-16/libc.a(memcpy.o)
 .debug_line    0x00000000000003bb       0xc8 /usr/lib/gcc/msp430/4.6.3/../../../../msp430/lib/mmpy-16/libc.a(memset.o)
 .debug_line    0x0000000000000483       0x72 /usr/lib/gcc/msp430/4.6.3/../../../../msp430/lib/mmpy-16/libc.a(printf.o)
 .debug_line    0x00000000000004f5      0x2d2 /usr/lib/gcc/msp430/4.6.3/../../../../msp430/lib/mmpy-16/libc.a(vuprintf.o)
 .debug_line    0x00000000000007c7       0x4d /usr/lib/gcc/msp430/4.6.3/../../../../msp430/lib/mmpy-16/libc.a(puts.o)
 .debug_line    0x0000000000000814       0x4f /usr/lib/gcc/msp430/4.6.3/../../../../msp430/lib/mmpy-16/libc.a(rand.o)
 .debug_line    0x0000000000000863       0xf1 /usr/lib/gcc/msp430/4.6.3/mmpy-16/libgcc.a(_udivmod64.o)
 .debug_line    0x0000000000000954       0x84 /usr/lib/gcc/msp430/4.6.3/mmpy-16/libcrt0.a(__watchdog_support.o)
 .debug_line    0x00000000000009d8       0x82 /usr/lib/gcc/msp430/4.6.3/mmpy-16/libcrt0.a(__init_stack.o)
 .debug_line    0x0000000000000a5a       0x88 /usr/lib/gcc/msp430/4.6.3/mmpy-16/libcrt0.a(_copy_data.o)
 .debug_line    0x0000000000000ae2       0x88 /usr/lib/gcc/msp430/4.6.3/mmpy-16/libcrt0.a(_clear_bss.o)
 .debug_line    0x0000000000000b6a       0x83 /usr/lib/gcc/msp430/4.6.3/mmpy-16/libcrt0.a(_endless_loop__.o)
 .debug_line    0x0000000000000bed       0x82 /usr/lib/gcc/msp430/4.6.3/mmpy-16/libcrt0.a(_unexpected_.o)

.debug_frame    0x0000000000000000      0x1ec
 *(.debug_frame)
 .debug_frame   0x0000000000000000       0x24 /usr/lib/gcc/msp430/4.6.3/../../../../msp430/lib/mmpy-16/libc.a(strncmp.o)
 .debug_frame   0x0000000000000024       0x24 /usr/lib/gcc/msp430/4.6.3/../../../../msp430/lib/mmpy-16/libc.a(memcmp.o)
 .debug_frame   0x0000000000000048       0x38 /usr/lib/gcc/msp430/4.6.3/../../../../msp430/lib/mmpy-16/libc.a(memcpy.o)
 .debug_frame   0x0000000000000080       0x32 /usr/lib/gcc/msp430/4.6.3/../../../../msp430/lib/mmpy-16/libc.a(memset.o)
 .debug_frame   0x00000000000000b2       0x2a /usr/lib/gcc/msp430/4.6.3/../../../../msp430/lib/mmpy-16/libc.a(printf.o)
 .debug_frame   0x00000000000000dc       0xb0 /usr/lib/gcc/msp430/4.6.3/../../../../msp430/lib/mmpy-16/libc.a(vuprintf.o)
 .debug_frame   0x000000000000018c       0x24 /usr/lib/gcc/msp430/4.6.3/../../../../msp430/lib/mmpy-16/libc.a(puts.o)
 .debug_frame   0x00000000000001b0       0x3c /usr/lib/gcc/msp430/4.6.3/../../../../msp430/lib/mmpy-16/libc.a(rand.o)

.debug_str      0x0000000000000000      0x3dc
 *(.debug_str)
 .debug_str     0x0000000000000000       0xc4 /usr/lib/gcc/msp430/4.6.3/../../../../msp430/lib/mmpy-16/libc.a(strncmp.o)
                                         0xfd (size before relaxing)
 .debug_str     0x00000000000000c4       0x19 /usr/lib/gcc/msp430/4.6.3/../../../../msp430/lib/mmpy-16/libc.a(memcmp.o)
                                         0xfb (size before relaxing)
 .debug_str     0x00000000000000dd       0x34 /usr/lib/gcc/msp430/4.6.3/../../../../msp430/lib/mmpy-16/libc.a(memcpy.o)
                                        0x116 (size before relaxing)
 .debug_str     0x0000000000000111       0x26 /usr/lib/gcc/msp430/4.6.3/../../../../msp430/lib/mmpy-16/libc.a(memset.o)
                                        0x114 (size before relaxing)
 .debug_str     0x0000000000000137       0x40 /usr/lib/gcc/msp430/4.6.3/../../../../msp430/lib/mmpy-16/libc.a(printf.o)
                                        0x12a (size before relaxing)
 .debug_str     0x0000000000000177      0x221 /usr/lib/gcc/msp430/4.6.3/../../../../msp430/lib/mmpy-16/libc.a(vuprintf.o)
                                        0x375 (size before relaxing)
 .debug_str     0x0000000000000398       0x15 /usr/lib/gcc/msp430/4.6.3/../../../../msp430/lib/mmpy-16/libc.a(puts.o)
                                         0xf0 (size before relaxing)
 .debug_str     0x00000000000003ad       0x2f /usr/lib/gcc/msp430/4.6.3/../../../../msp430/lib/mmpy-16/libc.a(rand.o)
                                        0x10f (size before relaxing)

.debug_loc      0x0000000000000000      0xaf3
 *(.debug_loc)
 .debug_loc     0x0000000000000000       0x38 /usr/lib/gcc/msp430/4.6.3/../../../../msp430/lib/mmpy-16/libc.a(strncmp.o)
 .debug_loc     0x0000000000000038       0x5e /usr/lib/gcc/msp430/4.6.3/../../../../msp430/lib/mmpy-16/libc.a(memcmp.o)
 .debug_loc     0x0000000000000096      0x1f0 /usr/lib/gcc/msp430/4.6.3/../../../../msp430/lib/mmpy-16/libc.a(memcpy.o)
 .debug_loc     0x0000000000000286       0xdb /usr/lib/gcc/msp430/4.6.3/../../../../msp430/lib/mmpy-16/libc.a(memset.o)
 .debug_loc     0x0000000000000361       0x38 /usr/lib/gcc/msp430/4.6.3/../../../../msp430/lib/mmpy-16/libc.a(printf.o)
 .debug_loc     0x0000000000000399      0x705 /usr/lib/gcc/msp430/4.6.3/../../../../msp430/lib/mmpy-16/libc.a(vuprintf.o)
 .debug_loc     0x0000000000000a9e       0x26 /usr/lib/gcc/msp430/4.6.3/../../../../msp430/lib/mmpy-16/libc.a(puts.o)
 .debug_loc     0x0000000000000ac4       0x2f /usr/lib/gcc/msp430/4.6.3/../../../../msp430/lib/mmpy-16/libc.a(rand.o)

.debug_macinfo
 *(.debug_macinfo)

.debug_pubtypes
 *(.debug_pubtypes)

.debug_ranges   0x0000000000000000       0x18
 *(.debug_ranges)
 .debug_ranges  0x0000000000000000       0x18 /usr/lib/gcc/msp430/4.6.3/../../../../msp430/lib/mmpy-16/libc.a(vuprintf.o)
                0x0000000000003900                PROVIDE (__stack, (ORIGIN (ram) + 0x2800))
                0x000000000000a6b6                PROVIDE (__data_start_rom, _etext)
                0x000000000000a73c                PROVIDE (__data_end_rom, (_etext + SIZEOF (.data)))
OUTPUT(app-collect.sky elf32-msp430)